Archive member included to satisfy reference by file (symbol)

C:\Users\hanho\Downloads\SDK_1.0.3_NUCLEO-F401RE\lib_stm\libLibraries.a(stm32f401re_gpio.o)
                              ./Src/main.o (GPIO_Init)
C:\Users\hanho\Downloads\SDK_1.0.3_NUCLEO-F401RE\lib_stm\libLibraries.a(timer.o)
                              ./Src/main.o (TimerInit)
C:\Users\hanho\Downloads\SDK_1.0.3_NUCLEO-F401RE\lib_stm\libLibraries.a(Ucglib.o)
                              ./Src/main.o (Ucglib4WireSWSPI_begin)
C:\Users\hanho\Downloads\SDK_1.0.3_NUCLEO-F401RE\lib_stm\libLibraries.a(ucg_box.o)
                              ./Src/main.o (ucg_ClearScreen)
C:\Users\hanho\Downloads\SDK_1.0.3_NUCLEO-F401RE\lib_stm\libLibraries.a(ucg_ccs.o)
                              C:\Users\hanho\Downloads\SDK_1.0.3_NUCLEO-F401RE\lib_stm\libLibraries.a(ucg_box.o) (ucg_ccs_init)
C:\Users\hanho\Downloads\SDK_1.0.3_NUCLEO-F401RE\lib_stm\libLibraries.a(ucg_circle.o)
                              C:\Users\hanho\Downloads\SDK_1.0.3_NUCLEO-F401RE\lib_stm\libLibraries.a(ucg_box.o) (ucg_DrawCircle)
C:\Users\hanho\Downloads\SDK_1.0.3_NUCLEO-F401RE\lib_stm\libLibraries.a(ucg_dev_default_cb.o)
                              C:\Users\hanho\Downloads\SDK_1.0.3_NUCLEO-F401RE\lib_stm\libLibraries.a(Ucglib.o) (ucg_dev_default_cb)
C:\Users\hanho\Downloads\SDK_1.0.3_NUCLEO-F401RE\lib_stm\libLibraries.a(ucg_dev_ic_st7735.o)
                              C:\Users\hanho\Downloads\SDK_1.0.3_NUCLEO-F401RE\lib_stm\libLibraries.a(Ucglib.o) (ucg_ext_st7735_18)
C:\Users\hanho\Downloads\SDK_1.0.3_NUCLEO-F401RE\lib_stm\libLibraries.a(ucg_dev_msg_api.o)
                              C:\Users\hanho\Downloads\SDK_1.0.3_NUCLEO-F401RE\lib_stm\libLibraries.a(ucg_box.o) (ucg_SetMaxClipRange)
C:\Users\hanho\Downloads\SDK_1.0.3_NUCLEO-F401RE\lib_stm\libLibraries.a(ucg_dev_tft_128x128_st7735.o)
                              C:\Users\hanho\Downloads\SDK_1.0.3_NUCLEO-F401RE\lib_stm\libLibraries.a(Ucglib.o) (ucg_dev_st7735_18x128x128)
C:\Users\hanho\Downloads\SDK_1.0.3_NUCLEO-F401RE\lib_stm\libLibraries.a(ucg_font.o)
                              C:\Users\hanho\Downloads\SDK_1.0.3_NUCLEO-F401RE\lib_stm\libLibraries.a(Ucglib.o) (ucg_SetFontMode)
C:\Users\hanho\Downloads\SDK_1.0.3_NUCLEO-F401RE\lib_stm\libLibraries.a(ucg_init.o)
                              C:\Users\hanho\Downloads\SDK_1.0.3_NUCLEO-F401RE\lib_stm\libLibraries.a(Ucglib.o) (ucg_Init)
C:\Users\hanho\Downloads\SDK_1.0.3_NUCLEO-F401RE\lib_stm\libLibraries.a(ucg_line.o)
                              C:\Users\hanho\Downloads\SDK_1.0.3_NUCLEO-F401RE\lib_stm\libLibraries.a(ucg_font.o) (ucg_Draw90Line)
C:\Users\hanho\Downloads\SDK_1.0.3_NUCLEO-F401RE\lib_stm\libLibraries.a(ucg_pixel.o)
                              ./Src/main.o (ucg_SetColor)
C:\Users\hanho\Downloads\SDK_1.0.3_NUCLEO-F401RE\lib_stm\libLibraries.a(ucg_pixel_font_data.o)
                              ./Src/main.o (ucg_font_courB12_tr)
C:\Users\hanho\Downloads\SDK_1.0.3_NUCLEO-F401RE\lib_stm\libLibraries.a(ucg_rotate.o)
                              ./Src/main.o (ucg_SetRotate180)
C:\Users\hanho\Downloads\SDK_1.0.3_NUCLEO-F401RE\lib_stm\libLibraries.a(ucg_clip.o)
                              C:\Users\hanho\Downloads\SDK_1.0.3_NUCLEO-F401RE\lib_stm\libLibraries.a(ucg_dev_ic_st7735.o) (ucg_clip_is_pixel_visible)
C:\Users\hanho\Downloads\SDK_1.0.3_NUCLEO-F401RE\lib_stm\libLibraries.a(ucg_com_msg_api.o)
                              C:\Users\hanho\Downloads\SDK_1.0.3_NUCLEO-F401RE\lib_stm\libLibraries.a(ucg_dev_ic_st7735.o) (ucg_com_PowerUp)
C:/ST/STM32CubeIDE_1.14.1/STM32CubeIDE/plugins/com.st.stm32cube.ide.mcu.externaltools.gnu-tools-for-stm32.11.3.rel1.win32_1.1.100.202309141235/tools/bin/../lib/gcc/arm-none-eabi/11.3.1/../../../../arm-none-eabi/lib/thumb/v7e-m+fp/hard\libc_nano.a(libc_a-exit.o)
                              C:/ST/STM32CubeIDE_1.14.1/STM32CubeIDE/plugins/com.st.stm32cube.ide.mcu.externaltools.gnu-tools-for-stm32.11.3.rel1.win32_1.1.100.202309141235/tools/bin/../lib/gcc/arm-none-eabi/11.3.1/../../../../arm-none-eabi/lib/thumb/v7e-m+fp/hard/crt0.o (exit)
C:/ST/STM32CubeIDE_1.14.1/STM32CubeIDE/plugins/com.st.stm32cube.ide.mcu.externaltools.gnu-tools-for-stm32.11.3.rel1.win32_1.1.100.202309141235/tools/bin/../lib/gcc/arm-none-eabi/11.3.1/../../../../arm-none-eabi/lib/thumb/v7e-m+fp/hard\libc_nano.a(libc_a-findfp.o)
                              C:/ST/STM32CubeIDE_1.14.1/STM32CubeIDE/plugins/com.st.stm32cube.ide.mcu.externaltools.gnu-tools-for-stm32.11.3.rel1.win32_1.1.100.202309141235/tools/bin/../lib/gcc/arm-none-eabi/11.3.1/../../../../arm-none-eabi/lib/thumb/v7e-m+fp/hard\libc_nano.a(libc_a-exit.o) (__stdio_exit_handler)
C:/ST/STM32CubeIDE_1.14.1/STM32CubeIDE/plugins/com.st.stm32cube.ide.mcu.externaltools.gnu-tools-for-stm32.11.3.rel1.win32_1.1.100.202309141235/tools/bin/../lib/gcc/arm-none-eabi/11.3.1/../../../../arm-none-eabi/lib/thumb/v7e-m+fp/hard\libc_nano.a(libc_a-fwalk.o)
[...]
Memory Configuration

Name             Origin             Length             Attributes
RAM              0x0000000020000000 0x0000000000018000 xrw
FLASH            0x0000000008000000 0x0000000000080000 xr
*default*        0x0000000000000000 0xffffffffffffffff

Linker script and memory map

LOAD C:/ST/STM32CubeIDE_1.14.1/STM32CubeIDE/plugins/com.st.stm32cube.ide.mcu.externaltools.gnu-tools-for-stm32.11.3.rel1.win32_1.1.100.202309141235/tools/bin/../lib/gcc/arm-none-eabi/11.3.1/thumb/v7e-m+fp/hard/crti.o
LOAD C:/ST/STM32CubeIDE_1.14.1/STM32CubeIDE/plugins/com.st.stm32cube.ide.mcu.externaltools.gnu-tools-for-stm32.11.3.rel1.win32_1.1.100.202309141235/tools/bin/../lib/gcc/arm-none-eabi/11.3.1/thumb/v7e-m+fp/hard/crtbegin.o
LOAD C:/ST/STM32CubeIDE_1.14.1/STM32CubeIDE/plugins/com.st.stm32cube.ide.mcu.externaltools.gnu-tools-for-stm32.11.3.rel1.win32_1.1.100.202309141235/tools/bin/../lib/gcc/arm-none-eabi/11.3.1/../../../../arm-none-eabi/lib/thumb/v7e-m+fp/hard/crt0.o
LOAD ./SDK_1.0.3_NUCLEO-F401RE/shared/Drivers/CMSIS/Source/system_stm32f4xx.o
LOAD ./SDK_1.0.3_NUCLEO-F401RE/shared/Drivers/STM32F401RE_StdPeriph_Driver/src/stm32f401re_rcc.o
LOAD ./SDK_1.0.3_NUCLEO-F401RE/shared/Utilities/buff.o
LOAD ./SDK_1.0.3_NUCLEO-F401RE/shared/Utilities/utilities.o
LOAD ./Src/main.o
LOAD ./Src/syscalls.o
LOAD ./Src/sysmem.o
LOAD ./Startup/startup_stm32f401retx.o
LOAD C:\Users\hanho\Downloads\SDK_1.0.3_NUCLEO-F401RE\lib_stm\libLibraries.a
START GROUP
LOAD C:/ST/STM32CubeIDE_1.14.1/STM32CubeIDE/plugins/com.st.stm32cube.ide.mcu.externaltools.gnu-tools-for-stm32.11.3.rel1.win32_1.1.100.202309141235/tools/bin/../lib/gcc/arm-none-eabi/11.3.1/../../../../arm-none-eabi/lib/thumb/v7e-m+fp/hard\libc_nano.a
LOAD C:/ST/STM32CubeIDE_1.14.1/STM32CubeIDE/plugins/com.st.stm32cube.ide.mcu.externaltools.gnu-tools-for-stm32.11.3.rel1.win32_1.1.100.202309141235/tools/bin/../lib/gcc/arm-none-eabi/11.3.1/../../../../arm-none-eabi/lib/thumb/v7e-m+fp/hard\libm.a
END GROUP
START GROUP
LOAD C:/ST/STM32CubeIDE_1.14.1/STM32CubeIDE/plugins/com.st.stm32cube.ide.mcu.externaltools.gnu-tools-for-stm32.11.3.rel1.win32_1.1.100.202309141235/tools/bin/../lib/gcc/arm-none-eabi/11.3.1/thumb/v7e-m+fp/hard\libgcc.a
LOAD C:/ST/STM32CubeIDE_1.14.1/STM32CubeIDE/plugins/com.st.stm32cube.ide.mcu.externaltools.gnu-tools-for-stm32.11.3.rel1.win32_1.1.100.202309141235/tools/bin/../lib/gcc/arm-none-eabi/11.3.1/../../../../arm-none-eabi/lib/thumb/v7e-m+fp/hard\libc_nano.a
END GROUP
START GROUP
LOAD C:/ST/STM32CubeIDE_1.14.1/STM32CubeIDE/plugins/com.st.stm32cube.ide.mcu.externaltools.gnu-tools-for-stm32.11.3.rel1.win32_1.1.100.202309141235/tools/bin/../lib/gcc/arm-none-eabi/11.3.1/thumb/v7e-m+fp/hard\libgcc.a
LOAD C:/ST/STM32CubeIDE_1.14.1/STM32CubeIDE/plugins/com.st.stm32cube.ide.mcu.externaltools.gnu-tools-for-stm32.11.3.rel1.win32_1.1.100.202309141235/tools/bin/../lib/gcc/arm-none-eabi/11.3.1/../../../../arm-none-eabi/lib/thumb/v7e-m+fp/hard\libc_nano.a
LOAD C:/ST/STM32CubeIDE_1.14.1/STM32CubeIDE/plugins/com.st.stm32cube.ide.mcu.externaltools.gnu-tools-for-stm32.11.3.rel1.win32_1.1.100.202309141235/tools/bin/../lib/gcc/arm-none-eabi/11.3.1/../../../../arm-none-eabi/lib/thumb/v7e-m+fp/hard\libnosys.a
END GROUP
START GROUP
LOAD C:/ST/STM32CubeIDE_1.14.1/STM32CubeIDE/plugins/com.st.stm32cube.ide.mcu.externaltools.gnu-tools-for-stm32.11.3.rel1.win32_1.1.100.202309141235/tools/bin/../lib/gcc/arm-none-eabi/11.3.1/thumb/v7e-m+fp/hard\libgcc.a
LOAD C:/ST/STM32CubeIDE_1.14.1/STM32CubeIDE/plugins/com.st.stm32cube.ide.mcu.externaltools.gnu-tools-for-stm32.11.3.rel1.win32_1.1.100.202309141235/tools/bin/../lib/gcc/arm-none-eabi/11.3.1/../../../../arm-none-eabi/lib/thumb/v7e-m+fp/hard\libc_nano.a
LOAD C:/ST/STM32CubeIDE_1.14.1/STM32CubeIDE/plugins/com.st.stm32cube.ide.mcu.externaltools.gnu-tools-for-stm32.11.3.rel1.win32_1.1.100.202309141235/tools/bin/../lib/gcc/arm-none-eabi/11.3.1/../../../../arm-none-eabi/lib/thumb/v7e-m+fp/hard\libnosys.a
END GROUP
LOAD C:/ST/STM32CubeIDE_1.14.1/STM32CubeIDE/plugins/com.st.stm32cube.ide.mcu.externaltools.gnu-tools-for-stm32.11.3.rel1.win32_1.1.100.202309141235/tools/bin/../lib/gcc/arm-none-eabi/11.3.1/thumb/v7e-m+fp/hard/crtend.o
LOAD C:/ST/STM32CubeIDE_1.14.1/STM32CubeIDE/plugins/com.st.stm32cube.ide.mcu.externaltools.gnu-tools-for-stm32.11.3.rel1.win32_1.1.100.202309141235/tools/bin/../lib/gcc/arm-none-eabi/11.3.1/thumb/v7e-m+fp/hard/crtn.o
                0x0000000020018000                _estack = (ORIGIN (RAM) + LENGTH (RAM))
                0x0000000000000200                _Min_Heap_Size = 0x200
                0x0000000000000400                _Min_Stack_Size = 0x400

.isr_vector     0x0000000008000000      0x194
                0x0000000008000000                . = ALIGN (0x4)
 *(.isr_vector)
 .isr_vector    0x0000000008000000      0x194 ./Startup/startup_stm32f401retx.o
                0x0000000008000000                g_pfnVectors
                0x0000000008000194                . = ALIGN (0x4)

.text           0x0000000008000194     0x326c
                0x0000000008000194                . = ALIGN (0x4)
 *(.text)
 .text          0x0000000008000194       0x40 C:/ST/STM32CubeIDE_1.14.1/STM32CubeIDE/plugins/com.st.stm32cube.ide.mcu.externaltools.gnu-tools-for-stm32.11.3.rel1.win32_1.1.100.202309141235/tools/bin/../lib/gcc/arm-none-eabi/11.3.1/thumb/v7e-m+fp/hard/crtbegin.o
 *(.text*)
 .text.SystemInit
                0x00000000080001d4       0x6c ./SDK_1.0.3_NUCLEO-F401RE/shared/Drivers/CMSIS/Source/system_stm32f4xx.o
                0x00000000080001d4                SystemInit
 .text.SystemCoreClockUpdate
                0x0000000008000240      0x104 ./SDK_1.0.3_NUCLEO-F401RE/shared/Drivers/CMSIS/Source/system_stm32f4xx.o
                0x0000000008000240                SystemCoreClockUpdate
 .text.SetSysClock
                0x0000000008000344       0xa4 ./SDK_1.0.3_NUCLEO-F401RE/shared/Drivers/CMSIS/Source/system_stm32f4xx.o
 .text.RCC_GetClocksFreq
                0x00000000080003e8      0x15c ./SDK_1.0.3_NUCLEO-F401RE/shared/Drivers/STM32F401RE_StdPeriph_Driver/src/stm32f401re_rcc.o
                0x00000000080003e8                RCC_GetClocksFreq
 .text.RCC_AHB1PeriphClockCmd
                0x0000000008000544       0x40 ./SDK_1.0.3_NUCLEO-F401RE/shared/Drivers/STM32F401RE_StdPeriph_Driver/src/stm32f401re_rcc.o
                0x0000000008000544                RCC_AHB1PeriphClockCmd
 .text.bufInit  0x0000000008000584       0x36 ./SDK_1.0.3_NUCLEO-F401RE/shared/Utilities/buff.o
                0x0000000008000584                bufInit
 .text.bufNumItems
                0x00000000080005ba       0x18 ./SDK_1.0.3_NUCLEO-F401RE/shared/Utilities/buff.o
                0x00000000080005ba                bufNumItems
 .text.bufIsFull
                0x00000000080005d2       0x26 ./SDK_1.0.3_NUCLEO-F401RE/shared/Utilities/buff.o
                0x00000000080005d2                bufIsFull
 .text.bufIsEmpty
                0x00000000080005f8       0x26 ./SDK_1.0.3_NUCLEO-F401RE/shared/Utilities/buff.o
                0x00000000080005f8                bufIsEmpty
 .text.bufFlush
                0x000000000800061e       0x32 ./SDK_1.0.3_NUCLEO-F401RE/shared/Utilities/buff.o
                0x000000000800061e                bufFlush
 .text.bufEnDat
                0x0000000008000650       0xa0 ./SDK_1.0.3_NUCLEO-F401RE/shared/Utilities/buff.o
                0x0000000008000650                bufEnDat
 .text.bufDeDat
                0x00000000080006f0       0x8a ./SDK_1.0.3_NUCLEO-F401RE/shared/Utilities/buff.o
                0x00000000080006f0                bufDeDat
 .text.memsetl  0x000000000800077a       0x34 ./SDK_1.0.3_NUCLEO-F401RE/shared/Utilities/utilities.o
                0x000000000800077a                memsetl
 *fill*         0x00000000080007ae        0x2 
 .text.main     0x00000000080007b0      0x120 ./Src/main.o
                0x00000000080007b0                main
 .text.delay    0x00000000080008d0       0x2c ./Src/main.o
 .text.buzzer_Init
                0x00000000080008fc       0x3c ./Src/main.o
 .text.button_Init
                0x0000000008000938       0x34 ./Src/main.o
 .text.buzzerControlSetStatus
                0x000000000800096c       0x34 ./Src/main.o
 .text.buttonReadStatus
                0x00000000080009a0       0x34 ./Src/main.o
 .text.LEDRED_init
                0x00000000080009d4       0x3c ./Src/main.o
 .text.LEDREDControl_SetStatus
                0x0000000008000a10       0x34 ./Src/main.o
 .text.Reset_Handler
                0x0000000008000a44       0x50 ./Startup/startup_stm32f401retx.o
                0x0000000008000a44                Reset_Handler
 .text.Default_Handler
                0x0000000008000a94        0x2 ./Startup/startup_stm32f401retx.o
                0x0000000008000a94                EXTI2_IRQHandler
                0x0000000008000a94                DebugMon_Handler
                0x0000000008000a94                SPI4_IRQHandler
                0x0000000008000a94                TIM1_CC_IRQHandler
                0x0000000008000a94                DMA2_Stream5_IRQHandler
                0x0000000008000a94                HardFault_Handler
                0x0000000008000a94                DMA1_Stream5_IRQHandler
                0x0000000008000a94                SDIO_IRQHandler
                0x0000000008000a94                TAMP_STAMP_IRQHandler
                0x0000000008000a94                PendSV_Handler
                0x0000000008000a94                NMI_Handler
                0x0000000008000a94                EXTI3_IRQHandler
                0x0000000008000a94                TIM1_UP_TIM10_IRQHandler
                0x0000000008000a94                I2C3_ER_IRQHandler
                0x0000000008000a94                EXTI18_OTG_FS_WKUP_IRQHandler
                0x0000000008000a94                EXTI0_IRQHandler
                0x0000000008000a94                I2C2_EV_IRQHandler
                0x0000000008000a94                DMA1_Stream2_IRQHandler
                0x0000000008000a94                UsageFault_Handler
                0x0000000008000a94                DMA2_Stream2_IRQHandler
                0x0000000008000a94                SPI1_IRQHandler
                0x0000000008000a94                TIM1_BRK_TIM9_IRQHandler
                0x0000000008000a94                DMA2_Stream3_IRQHandler
                0x0000000008000a94                USART6_IRQHandler
                0x0000000008000a94                DMA2_Stream0_IRQHandler
                0x0000000008000a94                TIM4_IRQHandler
                0x0000000008000a94                I2C1_EV_IRQHandler
                0x0000000008000a94                DMA1_Stream6_IRQHandler
                0x0000000008000a94                DMA1_Stream1_IRQHandler
                0x0000000008000a94                TIM3_IRQHandler
                0x0000000008000a94                RCC_IRQHandler
                0x0000000008000a94                Default_Handler
                0x0000000008000a94                EXTI15_10_IRQHandler
                0x0000000008000a94                ADC_IRQHandler
                0x0000000008000a94                DMA1_Stream7_IRQHandler
                0x0000000008000a94                TIM5_IRQHandler
                0x0000000008000a94                DMA2_Stream7_IRQHandler
                0x0000000008000a94                I2C3_EV_IRQHandler
                0x0000000008000a94                EXTI9_5_IRQHandler
                0x0000000008000a94                SPI2_IRQHandler
                0x0000000008000a94                MemManage_Handler
                0x0000000008000a94                DMA1_Stream0_IRQHandler
                0x0000000008000a94                SVC_Handler
                0x0000000008000a94                EXTI4_IRQHandler
                0x0000000008000a94                EXTI22_RTC_WKUP_IRQHandler
                0x0000000008000a94                TIM2_IRQHandler
                0x0000000008000a94                EXTI16_PVD_IRQHandler
                0x0000000008000a94                TIM1_TRG_COM_TIM11_IRQHandler
                0x0000000008000a94                EXTI1_IRQHandler
                0x0000000008000a94                EXTI17_RTC_Alarm_IRQHandler
                0x0000000008000a94                USART2_IRQHandler
                0x0000000008000a94                I2C2_ER_IRQHandler
                0x0000000008000a94                DMA2_Stream1_IRQHandler
                0x0000000008000a94                FLASH_IRQHandler
                0x0000000008000a94                DMA2_Stream4_IRQHandler
                0x0000000008000a94                BusFault_Handler
                0x0000000008000a94                USART1_IRQHandler
                0x0000000008000a94                OTG_FS_IRQHandler
                0x0000000008000a94                SPI3_IRQHandler
                0x0000000008000a94                DMA1_Stream4_IRQHandler
                0x0000000008000a94                I2C1_ER_IRQHandler
                0x0000000008000a94                DMA2_Stream6_IRQHandler
                0x0000000008000a94                DMA1_Stream3_IRQHandler
 .text.GPIO_Init
                0x0000000008000a96      0x11c C:\Users\hanho\Downloads\SDK_1.0.3_NUCLEO-F401RE\lib_stm\libLibraries.a(stm32f401re_gpio.o)
                0x0000000008000a96                GPIO_Init
 .text.GPIO_WriteBit
                0x0000000008000bb2       0x30 C:\Users\hanho\Downloads\SDK_1.0.3_NUCLEO-F401RE\lib_stm\libLibraries.a(stm32f401re_gpio.o)
                0x0000000008000bb2                GPIO_WriteBit
 *fill*         0x0000000008000be2        0x2 
 .text.NVIC_SetPriority
                0x0000000008000be4       0x54 C:\Users\hanho\Downloads\SDK_1.0.3_NUCLEO-F401RE\lib_stm\libLibraries.a(timer.o)
 .text.SysTick_Config
                0x0000000008000c38       0x44 C:\Users\hanho\Downloads\SDK_1.0.3_NUCLEO-F401RE\lib_stm\libLibraries.a(timer.o)
 .text.TimerInit
                0x0000000008000c7c       0x44 C:\Users\hanho\Downloads\SDK_1.0.3_NUCLEO-F401RE\lib_stm\libLibraries.a(timer.o)
                0x0000000008000c7c                TimerInit
 .text.TimerStart
                0x0000000008000cc0       0xc4 C:\Users\hanho\Downloads\SDK_1.0.3_NUCLEO-F401RE\lib_stm\libLibraries.a(timer.o)
                0x0000000008000cc0                TimerStart
 .text.TimerStop
                0x0000000008000d84       0xa0 C:\Users\hanho\Downloads\SDK_1.0.3_NUCLEO-F401RE\lib_stm\libLibraries.a(timer.o)
                0x0000000008000d84                TimerStop
 .text.GetMilSecTick
                0x0000000008000e24       0x18 C:\Users\hanho\Downloads\SDK_1.0.3_NUCLEO-F401RE\lib_stm\libLibraries.a(timer.o)
                0x0000000008000e24                GetMilSecTick
 .text.processTimerScheduler
                0x0000000008000e3c       0xf0 C:\Users\hanho\Downloads\SDK_1.0.3_NUCLEO-F401RE\lib_stm\libLibraries.a(timer.o)
                0x0000000008000e3c                processTimerScheduler
 .text.TimeExpired
                0x0000000008000f2c       0xcc C:\Users\hanho\Downloads\SDK_1.0.3_NUCLEO-F401RE\lib_stm\libLibraries.a(timer.o)
 .text.SysTick_Handler
                0x0000000008000ff8       0x1c C:\Users\hanho\Downloads\SDK_1.0.3_NUCLEO-F401RE\lib_stm\libLibraries.a(timer.o)
                0x0000000008000ff8                SysTick_Handler
 .text.delayMicroseconds
                0x0000000008001014       0x14 C:\Users\hanho\Downloads\SDK_1.0.3_NUCLEO-F401RE\lib_stm\libLibraries.a(Ucglib.o)
 .text.ucg_gpio_init
                0x0000000008001028       0x60 C:\Users\hanho\Downloads\SDK_1.0.3_NUCLEO-F401RE\lib_stm\libLibraries.a(Ucglib.o)
 .text.ucg_com_arduino_send_generic_SW_SPI
                0x0000000008001088       0x74 C:\Users\hanho\Downloads\SDK_1.0.3_NUCLEO-F401RE\lib_stm\libLibraries.a(Ucglib.o)
 .text.ucg_com_arduino_generic_SW_SPI
                0x00000000080010fc      0x1ec C:\Users\hanho\Downloads\SDK_1.0.3_NUCLEO-F401RE\lib_stm\libLibraries.a(Ucglib.o)
 .text.Ucglib4WireSWSPI_begin
                0x00000000080012e8       0x38 C:\Users\hanho\Downloads\SDK_1.0.3_NUCLEO-F401RE\lib_stm\libLibraries.a(Ucglib.o)
                0x00000000080012e8                Ucglib4WireSWSPI_begin
 .text.ucg_DrawBox
                0x0000000008001320       0x56 C:\Users\hanho\Downloads\SDK_1.0.3_NUCLEO-F401RE\lib_stm\libLibraries.a(ucg_box.o)
                0x0000000008001320                ucg_DrawBox
 .text.ucg_ClearScreen
                0x0000000008001376       0x50 C:\Users\hanho\Downloads\SDK_1.0.3_NUCLEO-F401RE\lib_stm\libLibraries.a(ucg_box.o)
                0x0000000008001376                ucg_ClearScreen
 .text.ucg_ccs_init
                0x00000000080013c6       0xc0 C:\Users\hanho\Downloads\SDK_1.0.3_NUCLEO-F401RE\lib_stm\libLibraries.a(ucg_ccs.o)
                0x00000000080013c6                ucg_ccs_init
 .text.ucg_ccs_step
                0x0000000008001486       0x80 C:\Users\hanho\Downloads\SDK_1.0.3_NUCLEO-F401RE\lib_stm\libLibraries.a(ucg_ccs.o)
                0x0000000008001486                ucg_ccs_step
 .text.ucg_ccs_seek
                0x0000000008001506       0xca C:\Users\hanho\Downloads\SDK_1.0.3_NUCLEO-F401RE\lib_stm\libLibraries.a(ucg_ccs.o)
                0x0000000008001506                ucg_ccs_seek
 .text.ucg_dev_default_cb
                0x00000000080015d0       0x44 C:\Users\hanho\Downloads\SDK_1.0.3_NUCLEO-F401RE\lib_stm\libLibraries.a(ucg_dev_default_cb.o)
                0x00000000080015d0                ucg_dev_default_cb
 .text.ucg_ext_none
                0x0000000008001614       0x1c C:\Users\hanho\Downloads\SDK_1.0.3_NUCLEO-F401RE\lib_stm\libLibraries.a(ucg_dev_default_cb.o)
                0x0000000008001614                ucg_ext_none
 .text.ucg_handle_st7735_l90fx
                0x0000000008001630       0xd8 C:\Users\hanho\Downloads\SDK_1.0.3_NUCLEO-F401RE\lib_stm\libLibraries.a(ucg_dev_ic_st7735.o)
                0x0000000008001630                ucg_handle_st7735_l90fx
 .text.ucg_handle_st7735_l90se
                0x0000000008001708      0x154 C:\Users\hanho\Downloads\SDK_1.0.3_NUCLEO-F401RE\lib_stm\libLibraries.a(ucg_dev_ic_st7735.o)
                0x0000000008001708                ucg_handle_st7735_l90se
 .text.ucg_dev_ic_st7735_18
                0x000000000800185c       0xf8 C:\Users\hanho\Downloads\SDK_1.0.3_NUCLEO-F401RE\lib_stm\libLibraries.a(ucg_dev_ic_st7735.o)
                0x000000000800185c                ucg_dev_ic_st7735_18
 .text.ucg_ext_st7735_18
                0x0000000008001954       0x28 C:\Users\hanho\Downloads\SDK_1.0.3_NUCLEO-F401RE\lib_stm\libLibraries.a(ucg_dev_ic_st7735.o)
                0x0000000008001954                ucg_ext_st7735_18
 .text.ucg_PowerDown
                0x000000000800197c       0x34 C:\Users\hanho\Downloads\SDK_1.0.3_NUCLEO-F401RE\lib_stm\libLibraries.a(ucg_dev_msg_api.o)
                0x000000000800197c                ucg_PowerDown
 .text.ucg_PowerUp
                0x00000000080019b0       0x3c C:\Users\hanho\Downloads\SDK_1.0.3_NUCLEO-F401RE\lib_stm\libLibraries.a(ucg_dev_msg_api.o)
                0x00000000080019b0                ucg_PowerUp
 .text.ucg_SetClipBox
                0x00000000080019ec       0x1e C:\Users\hanho\Downloads\SDK_1.0.3_NUCLEO-F401RE\lib_stm\libLibraries.a(ucg_dev_msg_api.o)
                0x00000000080019ec                ucg_SetClipBox
 .text.ucg_SetMaxClipRange
                0x0000000008001a0a       0x30 C:\Users\hanho\Downloads\SDK_1.0.3_NUCLEO-F401RE\lib_stm\libLibraries.a(ucg_dev_msg_api.o)
                0x0000000008001a0a                ucg_SetMaxClipRange
 .text.ucg_GetDimension
                0x0000000008001a3a       0x24 C:\Users\hanho\Downloads\SDK_1.0.3_NUCLEO-F401RE\lib_stm\libLibraries.a(ucg_dev_msg_api.o)
                0x0000000008001a3a                ucg_GetDimension
 .text.ucg_DrawL90FXWithArg
                0x0000000008001a5e       0x1e C:\Users\hanho\Downloads\SDK_1.0.3_NUCLEO-F401RE\lib_stm\libLibraries.a(ucg_dev_msg_api.o)
                0x0000000008001a5e                ucg_DrawL90FXWithArg
 .text.ucg_dev_st7735_18x128x128
                0x0000000008001a7c       0x80 C:\Users\hanho\Downloads\SDK_1.0.3_NUCLEO-F401RE\lib_stm\libLibraries.a(ucg_dev_tft_128x128_st7735.o)
                0x0000000008001a7c                ucg_dev_st7735_18x128x128
 .text.ucg_font_get_byte
                0x0000000008001afc       0x24 C:\Users\hanho\Downloads\SDK_1.0.3_NUCLEO-F401RE\lib_stm\libLibraries.a(ucg_font.o)
 .text.ucg_font_get_word
                0x0000000008001b20       0x40 C:\Users\hanho\Downloads\SDK_1.0.3_NUCLEO-F401RE\lib_stm\libLibraries.a(ucg_font.o)
 .text.ucg_read_font_info
                0x0000000008001b60      0x142 C:\Users\hanho\Downloads\SDK_1.0.3_NUCLEO-F401RE\lib_stm\libLibraries.a(ucg_font.o)
                0x0000000008001b60                ucg_read_font_info
 .text.ucg_font_decode_get_unsigned_bits
                0x0000000008001ca2       0x96 C:\Users\hanho\Downloads\SDK_1.0.3_NUCLEO-F401RE\lib_stm\libLibraries.a(ucg_font.o)
                0x0000000008001ca2                ucg_font_decode_get_unsigned_bits
 .text.ucg_font_decode_get_signed_bits
                0x0000000008001d38       0x46 C:\Users\hanho\Downloads\SDK_1.0.3_NUCLEO-F401RE\lib_stm\libLibraries.a(ucg_font.o)
                0x0000000008001d38                ucg_font_decode_get_signed_bits
 .text.ucg_add_vector_y
                0x0000000008001d7e       0x7a C:\Users\hanho\Downloads\SDK_1.0.3_NUCLEO-F401RE\lib_stm\libLibraries.a(ucg_font.o)
 .text.ucg_add_vector_x
                0x0000000008001df8       0x7a C:\Users\hanho\Downloads\SDK_1.0.3_NUCLEO-F401RE\lib_stm\libLibraries.a(ucg_font.o)
 .text.ucg_font_decode_len
                0x0000000008001e72      0x118 C:\Users\hanho\Downloads\SDK_1.0.3_NUCLEO-F401RE\lib_stm\libLibraries.a(ucg_font.o)
                0x0000000008001e72                ucg_font_decode_len
 .text.ucg_font_setup_decode
                0x0000000008001f8a       0x64 C:\Users\hanho\Downloads\SDK_1.0.3_NUCLEO-F401RE\lib_stm\libLibraries.a(ucg_font.o)
 .text.ucg_font_decode_glyph
                0x0000000008001fee      0x14c C:\Users\hanho\Downloads\SDK_1.0.3_NUCLEO-F401RE\lib_stm\libLibraries.a(ucg_font.o)
                0x0000000008001fee                ucg_font_decode_glyph
 .text.ucg_font_get_glyph_data
                0x000000000800213a       0x7a C:\Users\hanho\Downloads\SDK_1.0.3_NUCLEO-F401RE\lib_stm\libLibraries.a(ucg_font.o)
                0x000000000800213a                ucg_font_get_glyph_data
 .text.ucg_font_draw_glyph
                0x00000000080021b4       0x62 C:\Users\hanho\Downloads\SDK_1.0.3_NUCLEO-F401RE\lib_stm\libLibraries.a(ucg_font.o)
                0x00000000080021b4                ucg_font_draw_glyph
 .text.ucg_SetFontMode
                0x0000000008002216       0x20 C:\Users\hanho\Downloads\SDK_1.0.3_NUCLEO-F401RE\lib_stm\libLibraries.a(ucg_font.o)
                0x0000000008002216                ucg_SetFontMode
 *fill*         0x0000000008002236        0x2 
 .text.ucg_DrawGlyph
                0x0000000008002238       0xb0 C:\Users\hanho\Downloads\SDK_1.0.3_NUCLEO-F401RE\lib_stm\libLibraries.a(ucg_font.o)
                0x0000000008002238                ucg_DrawGlyph
 .text.task_drawString
                0x00000000080022e8      0x138 C:\Users\hanho\Downloads\SDK_1.0.3_NUCLEO-F401RE\lib_stm\libLibraries.a(ucg_font.o)
                0x00000000080022e8                task_drawString
 .text.ucg_DrawString
                0x0000000008002420       0x78 C:\Users\hanho\Downloads\SDK_1.0.3_NUCLEO-F401RE\lib_stm\libLibraries.a(ucg_font.o)
                0x0000000008002420                ucg_DrawString
 .text.ucg_UpdateRefHeight
                0x0000000008002498       0xd8 C:\Users\hanho\Downloads\SDK_1.0.3_NUCLEO-F401RE\lib_stm\libLibraries.a(ucg_font.o)
                0x0000000008002498                ucg_UpdateRefHeight
 .text.ucg_font_calc_vref_font
                0x0000000008002570       0x16 C:\Users\hanho\Downloads\SDK_1.0.3_NUCLEO-F401RE\lib_stm\libLibraries.a(ucg_font.o)
                0x0000000008002570                ucg_font_calc_vref_font
 *fill*         0x0000000008002586        0x2 
 .text.ucg_SetFontPosBaseline
                0x0000000008002588       0x20 C:\Users\hanho\Downloads\SDK_1.0.3_NUCLEO-F401RE\lib_stm\libLibraries.a(ucg_font.o)
                0x0000000008002588                ucg_SetFontPosBaseline
 .text.ucg_SetFont
                0x00000000080025a8       0x4c C:\Users\hanho\Downloads\SDK_1.0.3_NUCLEO-F401RE\lib_stm\libLibraries.a(ucg_font.o)
                0x00000000080025a8                ucg_SetFont
 .text.ucg_init_struct
                0x00000000080025f4       0x50 C:\Users\hanho\Downloads\SDK_1.0.3_NUCLEO-F401RE\lib_stm\libLibraries.a(ucg_init.o)
                0x00000000080025f4                ucg_init_struct
 .text.ucg_Init
                0x0000000008002644       0x5c C:\Users\hanho\Downloads\SDK_1.0.3_NUCLEO-F401RE\lib_stm\libLibraries.a(ucg_init.o)
                0x0000000008002644                ucg_Init
 .text.ucg_Draw90Line
                0x00000000080026a0       0x88 C:\Users\hanho\Downloads\SDK_1.0.3_NUCLEO-F401RE\lib_stm\libLibraries.a(ucg_line.o)
                0x00000000080026a0                ucg_Draw90Line
 .text.ucg_DrawHLine
                0x0000000008002728       0x3e C:\Users\hanho\Downloads\SDK_1.0.3_NUCLEO-F401RE\lib_stm\libLibraries.a(ucg_line.o)
                0x0000000008002728                ucg_DrawHLine
 .text.ucg_SetColor
                0x0000000008002766       0x5c C:\Users\hanho\Downloads\SDK_1.0.3_NUCLEO-F401RE\lib_stm\libLibraries.a(ucg_pixel.o)
                0x0000000008002766                ucg_SetColor
 .text.ucg_UndoRotate
                0x00000000080027c2       0x32 C:\Users\hanho\Downloads\SDK_1.0.3_NUCLEO-F401RE\lib_stm\libLibraries.a(ucg_rotate.o)
                0x00000000080027c2                ucg_UndoRotate
 .text.ucg_rotate_180_xy
                0x00000000080027f4       0x66 C:\Users\hanho\Downloads\SDK_1.0.3_NUCLEO-F401RE\lib_stm\libLibraries.a(ucg_rotate.o)
 *fill*         0x000000000800285a        0x2 
 .text.ucg_dev_rotate180
                0x000000000800285c      0x100 C:\Users\hanho\Downloads\SDK_1.0.3_NUCLEO-F401RE\lib_stm\libLibraries.a(ucg_rotate.o)
                0x000000000800285c                ucg_dev_rotate180
 .text.ucg_SetRotate180
                0x000000000800295c       0x34 C:\Users\hanho\Downloads\SDK_1.0.3_NUCLEO-F401RE\lib_stm\libLibraries.a(ucg_rotate.o)
                0x000000000800295c                ucg_SetRotate180
 .text.ucg_clip_is_x_visible
                0x0000000008002990       0x4a C:\Users\hanho\Downloads\SDK_1.0.3_NUCLEO-F401RE\lib_stm\libLibraries.a(ucg_clip.o)
 .text.ucg_clip_is_y_visible
                0x00000000080029da       0x4a C:\Users\hanho\Downloads\SDK_1.0.3_NUCLEO-F401RE\lib_stm\libLibraries.a(ucg_clip.o)
 .text.ucg_clip_intersection
                0x0000000008002a24       0x74 C:\Users\hanho\Downloads\SDK_1.0.3_NUCLEO-F401RE\lib_stm\libLibraries.a(ucg_clip.o)
 .text.ucg_clip_is_pixel_visible
                0x0000000008002a98       0x32 C:\Users\hanho\Downloads\SDK_1.0.3_NUCLEO-F401RE\lib_stm\libLibraries.a(ucg_clip.o)
                0x0000000008002a98                ucg_clip_is_pixel_visible
 *fill*         0x0000000008002aca        0x2 
 .text.ucg_clip_l90fx
                0x0000000008002acc      0x300 C:\Users\hanho\Downloads\SDK_1.0.3_NUCLEO-F401RE\lib_stm\libLibraries.a(ucg_clip.o)
                0x0000000008002acc                ucg_clip_l90fx
 .text.ucg_clip_l90se
                0x0000000008002dcc       0x54 C:\Users\hanho\Downloads\SDK_1.0.3_NUCLEO-F401RE\lib_stm\libLibraries.a(ucg_clip.o)
                0x0000000008002dcc                ucg_clip_l90se
 .text.ucg_com_PowerDown
                0x0000000008002e20       0x3e C:\Users\hanho\Downloads\SDK_1.0.3_NUCLEO-F401RE\lib_stm\libLibraries.a(ucg_com_msg_api.o)
                0x0000000008002e20                ucg_com_PowerDown
 .text.ucg_com_PowerUp
                0x0000000008002e5e       0x60 C:\Users\hanho\Downloads\SDK_1.0.3_NUCLEO-F401RE\lib_stm\libLibraries.a(ucg_com_msg_api.o)
                0x0000000008002e5e                ucg_com_PowerUp
 .text.ucg_com_SetLineStatus
                0x0000000008002ebe       0xe2 C:\Users\hanho\Downloads\SDK_1.0.3_NUCLEO-F401RE\lib_stm\libLibraries.a(ucg_com_msg_api.o)
                0x0000000008002ebe                ucg_com_SetLineStatus
 .text.ucg_com_SetResetLineStatus
                0x0000000008002fa0       0x20 C:\Users\hanho\Downloads\SDK_1.0.3_NUCLEO-F401RE\lib_stm\libLibraries.a(ucg_com_msg_api.o)
                0x0000000008002fa0                ucg_com_SetResetLineStatus
 .text.ucg_com_SetCSLineStatus
                0x0000000008002fc0       0x20 C:\Users\hanho\Downloads\SDK_1.0.3_NUCLEO-F401RE\lib_stm\libLibraries.a(ucg_com_msg_api.o)
                0x0000000008002fc0                ucg_com_SetCSLineStatus
 .text.ucg_com_SetCDLineStatus
                0x0000000008002fe0       0x20 C:\Users\hanho\Downloads\SDK_1.0.3_NUCLEO-F401RE\lib_stm\libLibraries.a(ucg_com_msg_api.o)
                0x0000000008002fe0                ucg_com_SetCDLineStatus
 .text.ucg_com_DelayMicroseconds
                0x0000000008003000       0x22 C:\Users\hanho\Downloads\SDK_1.0.3_NUCLEO-F401RE\lib_stm\libLibraries.a(ucg_com_msg_api.o)
                0x0000000008003000                ucg_com_DelayMicroseconds
 .text.ucg_com_DelayMilliseconds
                0x0000000008003022       0x2c C:\Users\hanho\Downloads\SDK_1.0.3_NUCLEO-F401RE\lib_stm\libLibraries.a(ucg_com_msg_api.o)
                0x0000000008003022                ucg_com_DelayMilliseconds
 .text.ucg_com_SendByte
                0x000000000800304e       0x24 C:\Users\hanho\Downloads\SDK_1.0.3_NUCLEO-F401RE\lib_stm\libLibraries.a(ucg_com_msg_api.o)
                0x000000000800304e                ucg_com_SendByte
 .text.ucg_com_SendStringP
                0x0000000008003072       0x40 C:\Users\hanho\Downloads\SDK_1.0.3_NUCLEO-F401RE\lib_stm\libLibraries.a(ucg_com_msg_api.o)
                0x0000000008003072                ucg_com_SendStringP
 .text.ucg_com_SendCmdArg
                0x00000000080030b2       0x74 C:\Users\hanho\Downloads\SDK_1.0.3_NUCLEO-F401RE\lib_stm\libLibraries.a(ucg_com_msg_api.o)
 *fill*         0x0000000008003126        0x2 
 .text.ucg_com_SendCmdSeq
                0x0000000008003128      0x278 C:\Users\hanho\Downloads\SDK_1.0.3_NUCLEO-F401RE\lib_stm\libLibraries.a(ucg_com_msg_api.o)
                0x0000000008003128                ucg_com_SendCmdSeq
 .text.__libc_init_array
                0x00000000080033a0       0x48 C:/ST/STM32CubeIDE_1.14.1/STM32CubeIDE/plugins/com.st.stm32cube.ide.mcu.externaltools.gnu-tools-for-stm32.11.3.rel1.win32_1.1.100.202309141235/tools/bin/../lib/gcc/arm-none-eabi/11.3.1/../../../../arm-none-eabi/lib/thumb/v7e-m+fp/hard\libc_nano.a(libc_a-init.o)
                0x00000000080033a0                __libc_init_array
 *(.glue_7)
 .glue_7        0x00000000080033e8        0x0 linker stubs
 *(.glue_7t)
 .glue_7t       0x00000000080033e8        0x0 linker stubs
 *(.eh_frame)
 .eh_frame      0x00000000080033e8        0x0 C:/ST/STM32CubeIDE_1.14.1/STM32CubeIDE/plugins/com.st.stm32cube.ide.mcu.externaltools.gnu-tools-for-stm32.11.3.rel1.win32_1.1.100.202309141235/tools/bin/../lib/gcc/arm-none-eabi/11.3.1/thumb/v7e-m+fp/hard/crtbegin.o
 *(.init)
 .init          0x00000000080033e8        0x4 C:/ST/STM32CubeIDE_1.14.1/STM32CubeIDE/plugins/com.st.stm32cube.ide.mcu.externaltools.gnu-tools-for-stm32.11.3.rel1.win32_1.1.100.202309141235/tools/bin/../lib/gcc/arm-none-eabi/11.3.1/thumb/v7e-m+fp/hard/crti.o
                0x00000000080033e8                _init
 .init          0x00000000080033ec        0x8 C:/ST/STM32CubeIDE_1.14.1/STM32CubeIDE/plugins/com.st.stm32cube.ide.mcu.externaltools.gnu-tools-for-stm32.11.3.rel1.win32_1.1.100.202309141235/tools/bin/../lib/gcc/arm-none-eabi/11.3.1/thumb/v7e-m+fp/hard/crtn.o
 *(.fini)
 .fini          0x00000000080033f4        0x4 C:/ST/STM32CubeIDE_1.14.1/STM32CubeIDE/plugins/com.st.stm32cube.ide.mcu.externaltools.gnu-tools-for-stm32.11.3.rel1.win32_1.1.100.202309141235/tools/bin/../lib/gcc/arm-none-eabi/11.3.1/thumb/v7e-m+fp/hard/crti.o
                0x00000000080033f4                _fini
 .fini          0x00000000080033f8        0x8 C:/ST/STM32CubeIDE_1.14.1/STM32CubeIDE/plugins/com.st.stm32cube.ide.mcu.externaltools.gnu-tools-for-stm32.11.3.rel1.win32_1.1.100.202309141235/tools/bin/../lib/gcc/arm-none-eabi/11.3.1/thumb/v7e-m+fp/hard/crtn.o
                0x0000000008003400                . = ALIGN (0x4)
                0x0000000008003400                _etext = .

.vfp11_veneer   0x0000000008003400        0x0
 .vfp11_veneer  0x0000000008003400        0x0 linker stubs

.v4_bx          0x0000000008003400        0x0
 .v4_bx         0x0000000008003400        0x0 linker stubs

.iplt           0x0000000008003400        0x0
 .iplt          0x0000000008003400        0x0 C:/ST/STM32CubeIDE_1.14.1/STM32CubeIDE/plugins/com.st.stm32cube.ide.mcu.externaltools.gnu-tools-for-stm32.11.3.rel1.win32_1.1.100.202309141235/tools/bin/../lib/gcc/arm-none-eabi/11.3.1/thumb/v7e-m+fp/hard/crtbegin.o

.rodata         0x0000000008003400      0x714
                0x0000000008003400                . = ALIGN (0x4)
 *(.rodata)
 .rodata        0x0000000008003400       0x1f ./Src/main.o
 *fill*         0x000000000800341f        0x1 
 .rodata        0x0000000008003420        0xf C:\Users\hanho\Downloads\SDK_1.0.3_NUCLEO-F401RE\lib_stm\libLibraries.a(ucg_font.o)
 *(.rodata*)
 *fill*         0x000000000800342f        0x1 
 .rodata.ucg_st7735_set_pos_seq
                0x0000000008003430       0x1e C:\Users\hanho\Downloads\SDK_1.0.3_NUCLEO-F401RE\lib_stm\libLibraries.a(ucg_dev_ic_st7735.o)
                0x0000000008003430                ucg_st7735_set_pos_seq
 *fill*         0x000000000800344e        0x2 
 .rodata.ucg_st7735_set_pos_dir0_seq
                0x0000000008003450       0x1e C:\Users\hanho\Downloads\SDK_1.0.3_NUCLEO-F401RE\lib_stm\libLibraries.a(ucg_dev_ic_st7735.o)
                0x0000000008003450                ucg_st7735_set_pos_dir0_seq
 *fill*         0x000000000800346e        0x2 
 .rodata.ucg_st7735_set_pos_dir1_seq
                0x0000000008003470       0x21 C:\Users\hanho\Downloads\SDK_1.0.3_NUCLEO-F401RE\lib_stm\libLibraries.a(ucg_dev_ic_st7735.o)
                0x0000000008003470                ucg_st7735_set_pos_dir1_seq
 *fill*         0x0000000008003491        0x3 
 .rodata.ucg_st7735_set_pos_dir2_seq
                0x0000000008003494       0x21 C:\Users\hanho\Downloads\SDK_1.0.3_NUCLEO-F401RE\lib_stm\libLibraries.a(ucg_dev_ic_st7735.o)
                0x0000000008003494                ucg_st7735_set_pos_dir2_seq
 *fill*         0x00000000080034b5        0x3 
 .rodata.ucg_st7735_set_pos_dir3_seq
                0x00000000080034b8       0x24 C:\Users\hanho\Downloads\SDK_1.0.3_NUCLEO-F401RE\lib_stm\libLibraries.a(ucg_dev_ic_st7735.o)
                0x00000000080034b8                ucg_st7735_set_pos_dir3_seq
 .rodata.ucg_st7735_power_down_seq
                0x00000000080034dc        0x7 C:\Users\hanho\Downloads\SDK_1.0.3_NUCLEO-F401RE\lib_stm\libLibraries.a(ucg_dev_ic_st7735.o)
 *fill*         0x00000000080034e3        0x1 
 .rodata.ucg_tft_128x160_st7735_init_seq
                0x00000000080034e4       0x2c C:\Users\hanho\Downloads\SDK_1.0.3_NUCLEO-F401RE\lib_stm\libLibraries.a(ucg_dev_tft_128x128_st7735.o)
 .rodata.ucg_font_courB12_tr
                0x0000000008003510      0x602 C:\Users\hanho\Downloads\SDK_1.0.3_NUCLEO-F401RE\lib_stm\libLibraries.a(ucg_pixel_font_data.o)
                0x0000000008003510                ucg_font_courB12_tr
                0x0000000008003b14                . = ALIGN (0x4)
 *fill*         0x0000000008003b12        0x2 

.rel.dyn        0x0000000008003b14        0x0
 .rel.iplt      0x0000000008003b14        0x0 C:/ST/STM32CubeIDE_1.14.1/STM32CubeIDE/plugins/com.st.stm32cube.ide.mcu.externaltools.gnu-tools-for-stm32.11.3.rel1.win32_1.1.100.202309141235/tools/bin/../lib/gcc/arm-none-eabi/11.3.1/thumb/v7e-m+fp/hard/crtbegin.o

.ARM.extab      0x0000000008003b14        0x0
                0x0000000008003b14                . = ALIGN (0x4)
 *(.ARM.extab* .gnu.linkonce.armextab.*)
                0x0000000008003b14                . = ALIGN (0x4)

.ARM            0x0000000008003b14        0x0
                0x0000000008003b14                . = ALIGN (0x4)
                0x0000000008003b14                __exidx_start = .
 *(.ARM.exidx*)
                0x0000000008003b14                __exidx_end = .
                0x0000000008003b14                . = ALIGN (0x4)

.preinit_array  0x0000000008003b14        0x0
                0x0000000008003b14                . = ALIGN (0x4)
                0x0000000008003b14                PROVIDE (__preinit_array_start = .)
 *(.preinit_array*)
                0x0000000008003b14                PROVIDE (__preinit_array_end = .)
                0x0000000008003b14                . = ALIGN (0x4)

.init_array     0x0000000008003b14        0x4
                0x0000000008003b14                . = ALIGN (0x4)
                0x0000000008003b14                PROVIDE (__init_array_start = .)
 *(SORT_BY_NAME(.init_array.*))
 *(.init_array*)
 .init_array    0x0000000008003b14        0x4 C:/ST/STM32CubeIDE_1.14.1/STM32CubeIDE/plugins/com.st.stm32cube.ide.mcu.externaltools.gnu-tools-for-stm32.11.3.rel1.win32_1.1.100.202309141235/tools/bin/../lib/gcc/arm-none-eabi/11.3.1/thumb/v7e-m+fp/hard/crtbegin.o
                0x0000000008003b18                PROVIDE (__init_array_end = .)
                0x0000000008003b18                . = ALIGN (0x4)

.fini_array     0x0000000008003b18        0x4
                0x0000000008003b18                . = ALIGN (0x4)
                [!provide]                        PROVIDE (__fini_array_start = .)
 *(SORT_BY_NAME(.fini_array.*))
 *(.fini_array*)
 .fini_array    0x0000000008003b18        0x4 C:/ST/STM32CubeIDE_1.14.1/STM32CubeIDE/plugins/com.st.stm32cube.ide.mcu.externaltools.gnu-tools-for-stm32.11.3.rel1.win32_1.1.100.202309141235/tools/bin/../lib/gcc/arm-none-eabi/11.3.1/thumb/v7e-m+fp/hard/crtbegin.o
                [!provide]                        PROVIDE (__fini_array_end = .)
                0x0000000008003b1c                . = ALIGN (0x4)
                0x0000000008003b1c                _sidata = LOADADDR (.data)

.data           0x0000000020000000       0x28 load address 0x0000000008003b1c
                0x0000000020000000                . = ALIGN (0x4)
                0x0000000020000000                _sdata = .
 *(.data)
 *(.data*)
 .data.SystemCoreClock
                0x0000000020000000        0x4 ./SDK_1.0.3_NUCLEO-F401RE/shared/Drivers/CMSIS/Source/system_stm32f4xx.o
                0x0000000020000000                SystemCoreClock
 .data.AHBPrescTable
                0x0000000020000004       0x10 ./SDK_1.0.3_NUCLEO-F401RE/shared/Drivers/CMSIS/Source/system_stm32f4xx.o
                0x0000000020000004                AHBPrescTable
 .data.APBAHBPrescTable
                0x0000000020000014       0x10 ./SDK_1.0.3_NUCLEO-F401RE/shared/Drivers/STM32F401RE_StdPeriph_Driver/src/stm32f401re_rcc.o
 .data.idTaskScanDecodeLen
                0x0000000020000024        0x1 C:\Users\hanho\Downloads\SDK_1.0.3_NUCLEO-F401RE\lib_stm\libLibraries.a(ucg_font.o)
 *(.RamFunc)
 *(.RamFunc*)
                0x0000000020000028                . = ALIGN (0x4)
 *fill*         0x0000000020000025        0x3 
                0x0000000020000028                _edata = .

.igot.plt       0x0000000020000028        0x0 load address 0x0000000008003b44
 .igot.plt      0x0000000020000028        0x0 C:/ST/STM32CubeIDE_1.14.1/STM32CubeIDE/plugins/com.st.stm32cube.ide.mcu.externaltools.gnu-tools-for-stm32.11.3.rel1.win32_1.1.100.202309141235/tools/bin/../lib/gcc/arm-none-eabi/11.3.1/thumb/v7e-m+fp/hard/crtbegin.o
                0x0000000020000028                . = ALIGN (0x4)

.bss            0x0000000020000028     0x1274 load address 0x0000000008003b44
                0x0000000020000028                _sbss = .
                0x0000000020000028                __bss_start__ = _sbss
 *(.bss)
 .bss           0x0000000020000028       0x1c C:/ST/STM32CubeIDE_1.14.1/STM32CubeIDE/plugins/com.st.stm32cube.ide.mcu.externaltools.gnu-tools-for-stm32.11.3.rel1.win32_1.1.100.202309141235/tools/bin/../lib/gcc/arm-none-eabi/11.3.1/thumb/v7e-m+fp/hard/crtbegin.o
 *(.bss*)
 .bss.ucg       0x0000000020000044       0xb4 ./Src/main.o
 .bss.g_pTimerHandle
                0x00000000200000f8      0x180 C:\Users\hanho\Downloads\SDK_1.0.3_NUCLEO-F401RE\lib_stm\libLibraries.a(timer.o)
 .bss.g_wMilSecTickTimer
                0x0000000020000278        0x4 C:\Users\hanho\Downloads\SDK_1.0.3_NUCLEO-F401RE\lib_stm\libLibraries.a(timer.o)
 .bss.fontQueue
                0x000000002000027c       0x10 C:\Users\hanho\Downloads\SDK_1.0.3_NUCLEO-F401RE\lib_stm\libLibraries.a(ucg_font.o)
 .bss.pQueueFont
                0x000000002000028c     0x1000 C:\Users\hanho\Downloads\SDK_1.0.3_NUCLEO-F401RE\lib_stm\libLibraries.a(ucg_font.o)
 .bss.next.7562
                0x000000002000128c        0x1 C:\Users\hanho\Downloads\SDK_1.0.3_NUCLEO-F401RE\lib_stm\libLibraries.a(ucg_font.o)
 *(COMMON)
 *fill*         0x000000002000128d        0x3 
 COMMON         0x0000000020001290        0xc C:\Users\hanho\Downloads\SDK_1.0.3_NUCLEO-F401RE\lib_stm\libLibraries.a(ucg_font.o)
                0x0000000020001290                ucg_draw_str
                0x000000002000129c                . = ALIGN (0x4)
                0x000000002000129c                _ebss = .
                0x000000002000129c                __bss_end__ = _ebss

._user_heap_stack
                0x000000002000129c      0x604 load address 0x0000000008003b44
                0x00000000200012a0                . = ALIGN (0x8)
 *fill*         0x000000002000129c        0x4 
                [!provide]                        PROVIDE (end = .)
                0x00000000200012a0                PROVIDE (_end = .)
                0x00000000200014a0                . = (. + _Min_Heap_Size)
 *fill*         0x00000000200012a0      0x200 
                0x00000000200018a0                . = (. + _Min_Stack_Size)
 *fill*         0x00000000200014a0      0x400 
                0x00000000200018a0                . = ALIGN (0x8)

/DISCARD/
 libc.a(*)
 libm.a(*)
 libgcc.a(*)

.ARM.attributes
                0x0000000000000000       0x30
 *(.ARM.attributes)
 .ARM.attributes
                0x0000000000000000       0x1e C:/ST/STM32CubeIDE_1.14.1/STM32CubeIDE/plugins/com.st.stm32cube.ide.mcu.externaltools.gnu-tools-for-stm32.11.3.rel1.win32_1.1.100.202309141235/tools/bin/../lib/gcc/arm-none-eabi/11.3.1/thumb/v7e-m+fp/hard/crti.o
 .ARM.attributes
                0x000000000000001e       0x34 C:/ST/STM32CubeIDE_1.14.1/STM32CubeIDE/plugins/com.st.stm32cube.ide.mcu.externaltools.gnu-tools-for-stm32.11.3.rel1.win32_1.1.100.202309141235/tools/bin/../lib/gcc/arm-none-eabi/11.3.1/thumb/v7e-m+fp/hard/crtbegin.o
 .ARM.attributes
                0x0000000000000052       0x34 ./SDK_1.0.3_NUCLEO-F401RE/shared/Drivers/CMSIS/Source/system_stm32f4xx.o
 .ARM.attributes
                0x0000000000000086       0x34 ./SDK_1.0.3_NUCLEO-F401RE/shared/Drivers/STM32F401RE_StdPeriph_Driver/src/stm32f401re_rcc.o
 .ARM.attributes
                0x00000000000000ba       0x34 ./SDK_1.0.3_NUCLEO-F401RE/shared/Utilities/buff.o
 .ARM.attributes
                0x00000000000000ee       0x34 ./SDK_1.0.3_NUCLEO-F401RE/shared/Utilities/utilities.o
 .ARM.attributes
                0x0000000000000122       0x34 ./Src/main.o
 .ARM.attributes
                0x0000000000000156       0x21 ./Startup/startup_stm32f401retx.o
 .ARM.attributes
                0x0000000000000177       0x39 C:\Users\hanho\Downloads\SDK_1.0.3_NUCLEO-F401RE\lib_stm\libLibraries.a(stm32f401re_gpio.o)
 .ARM.attributes
                0x00000000000001b0       0x39 C:\Users\hanho\Downloads\SDK_1.0.3_NUCLEO-F401RE\lib_stm\libLibraries.a(timer.o)
 .ARM.attributes
                0x00000000000001e9       0x39 C:\Users\hanho\Downloads\SDK_1.0.3_NUCLEO-F401RE\lib_stm\libLibraries.a(Ucglib.o)
 .ARM.attributes
                0x0000000000000222       0x39 C:\Users\hanho\Downloads\SDK_1.0.3_NUCLEO-F401RE\lib_stm\libLibraries.a(ucg_box.o)
 .ARM.attributes
                0x000000000000025b       0x39 C:\Users\hanho\Downloads\SDK_1.0.3_NUCLEO-F401RE\lib_stm\libLibraries.a(ucg_ccs.o)
 .ARM.attributes
                0x0000000000000294       0x39 C:\Users\hanho\Downloads\SDK_1.0.3_NUCLEO-F401RE\lib_stm\libLibraries.a(ucg_dev_default_cb.o)
 .ARM.attributes
                0x00000000000002cd       0x39 C:\Users\hanho\Downloads\SDK_1.0.3_NUCLEO-F401RE\lib_stm\libLibraries.a(ucg_dev_ic_st7735.o)
 .ARM.attributes
                0x0000000000000306       0x39 C:\Users\hanho\Downloads\SDK_1.0.3_NUCLEO-F401RE\lib_stm\libLibraries.a(ucg_dev_msg_api.o)
 .ARM.attributes
                0x000000000000033f       0x39 C:\Users\hanho\Downloads\SDK_1.0.3_NUCLEO-F401RE\lib_stm\libLibraries.a(ucg_dev_tft_128x128_st7735.o)
 .ARM.attributes
                0x0000000000000378       0x39 C:\Users\hanho\Downloads\SDK_1.0.3_NUCLEO-F401RE\lib_stm\libLibraries.a(ucg_font.o)
 .ARM.attributes
                0x00000000000003b1       0x39 C:\Users\hanho\Downloads\SDK_1.0.3_NUCLEO-F401RE\lib_stm\libLibraries.a(ucg_init.o)
 .ARM.attributes
                0x00000000000003ea       0x39 C:\Users\hanho\Downloads\SDK_1.0.3_NUCLEO-F401RE\lib_stm\libLibraries.a(ucg_line.o)
 .ARM.attributes
                0x0000000000000423       0x39 C:\Users\hanho\Downloads\SDK_1.0.3_NUCLEO-F401RE\lib_stm\libLibraries.a(ucg_pixel.o)
 .ARM.attributes
                0x000000000000045c       0x39 C:\Users\hanho\Downloads\SDK_1.0.3_NUCLEO-F401RE\lib_stm\libLibraries.a(ucg_pixel_font_data.o)
 .ARM.attributes
                0x0000000000000495       0x39 C:\Users\hanho\Downloads\SDK_1.0.3_NUCLEO-F401RE\lib_stm\libLibraries.a(ucg_rotate.o)
 .ARM.attributes
                0x00000000000004ce       0x39 C:\Users\hanho\Downloads\SDK_1.0.3_NUCLEO-F401RE\lib_stm\libLibraries.a(ucg_clip.o)
 .ARM.attributes
                0x0000000000000507       0x39 C:\Users\hanho\Downloads\SDK_1.0.3_NUCLEO-F401RE\lib_stm\libLibraries.a(ucg_com_msg_api.o)
 .ARM.attributes
                0x0000000000000540       0x34 C:/ST/STM32CubeIDE_1.14.1/STM32CubeIDE/plugins/com.st.stm32cube.ide.mcu.externaltools.gnu-tools-for-stm32.11.3.rel1.win32_1.1.100.202309141235/tools/bin/../lib/gcc/arm-none-eabi/11.3.1/../../../../arm-none-eabi/lib/thumb/v7e-m+fp/hard\libc_nano.a(libc_a-init.o)
 .ARM.attributes
                0x0000000000000574       0x1e C:/ST/STM32CubeIDE_1.14.1/STM32CubeIDE/plugins/com.st.stm32cube.ide.mcu.externaltools.gnu-tools-for-stm32.11.3.rel1.win32_1.1.100.202309141235/tools/bin/../lib/gcc/arm-none-eabi/11.3.1/thumb/v7e-m+fp/hard/crtn.o
OUTPUT(NV3-Kethopchucnang.elf elf32-littlearm)
LOAD linker stubs
LOAD C:/ST/STM32CubeIDE_1.14.1/STM32CubeIDE/plugins/com.st.stm32cube.ide.mcu.externaltools.gnu-tools-for-stm32.11.3.rel1.win32_1.1.100.202309141235/tools/bin/../lib/gcc/arm-none-eabi/11.3.1/../../../../arm-none-eabi/lib/thumb/v7e-m+fp/hard\libc.a
LOAD C:/ST/STM32CubeIDE_1.14.1/STM32CubeIDE/plugins/com.st.stm32cube.ide.mcu.externaltools.gnu-tools-for-stm32.11.3.rel1.win32_1.1.100.202309141235/tools/bin/../lib/gcc/arm-none-eabi/11.3.1/../../../../arm-none-eabi/lib/thumb/v7e-m+fp/hard\libm.a
LOAD C:/ST/STM32CubeIDE_1.14.1/STM32CubeIDE/plugins/com.st.stm32cube.ide.mcu.externaltools.gnu-tools-for-stm32.11.3.rel1.win32_1.1.100.202309141235/tools/bin/../lib/gcc/arm-none-eabi/11.3.1/thumb/v7e-m+fp/hard\libgcc.a

.comment        0x0000000000000000       0xbe
 .comment       0x0000000000000000       0x43 C:/ST/STM32CubeIDE_1.14.1/STM32CubeIDE/plugins/com.st.stm32cube.ide.mcu.externaltools.gnu-tools-for-stm32.11.3.rel1.win32_1.1.100.202309141235/tools/bin/../lib/gcc/arm-none-eabi/11.3.1/thumb/v7e-m+fp/hard/crtbegin.o
                                         0x44 (size before relaxing)
 .comment       0x0000000000000043       0x44 ./SDK_1.0.3_NUCLEO-F401RE/shared/Drivers/CMSIS/Source/system_stm32f4xx.o
 .comment       0x0000000000000043       0x44 ./SDK_1.0.3_NUCLEO-F401RE/shared/Drivers/STM32F401RE_StdPeriph_Driver/src/stm32f401re_rcc.o
 .comment       0x0000000000000043       0x44 ./SDK_1.0.3_NUCLEO-F401RE/shared/Utilities/buff.o
 .comment       0x0000000000000043       0x44 ./SDK_1.0.3_NUCLEO-F401RE/shared/Utilities/utilities.o
 .comment       0x0000000000000043       0x44 ./Src/main.o
 .comment       0x0000000000000043       0x7b C:\Users\hanho\Downloads\SDK_1.0.3_NUCLEO-F401RE\lib_stm\libLibraries.a(stm32f401re_gpio.o)
                                         0x7c (size before relaxing)
 .comment       0x00000000000000be       0x7c C:\Users\hanho\Downloads\SDK_1.0.3_NUCLEO-F401RE\lib_stm\libLibraries.a(timer.o)
 .comment       0x00000000000000be       0x7c C:\Users\hanho\Downloads\SDK_1.0.3_NUCLEO-F401RE\lib_stm\libLibraries.a(Ucglib.o)
 .comment       0x00000000000000be       0x7c C:\Users\hanho\Downloads\SDK_1.0.3_NUCLEO-F401RE\lib_stm\libLibraries.a(ucg_box.o)
 .comment       0x00000000000000be       0x7c C:\Users\hanho\Downloads\SDK_1.0.3_NUCLEO-F401RE\lib_stm\libLibraries.a(ucg_ccs.o)
 .comment       0x00000000000000be       0x7c C:\Users\hanho\Downloads\SDK_1.0.3_NUCLEO-F401RE\lib_stm\libLibraries.a(ucg_dev_default_cb.o)
 .comment       0x00000000000000be       0x7c C:\Users\hanho\Downloads\SDK_1.0.3_NUCLEO-F401RE\lib_stm\libLibraries.a(ucg_dev_ic_st7735.o)
 .comment       0x00000000000000be       0x7c C:\Users\hanho\Downloads\SDK_1.0.3_NUCLEO-F401RE\lib_stm\libLibraries.a(ucg_dev_msg_api.o)
 .comment       0x00000000000000be       0x7c C:\Users\hanho\Downloads\SDK_1.0.3_NUCLEO-F401RE\lib_stm\libLibraries.a(ucg_dev_tft_128x128_st7735.o)
 .comment       0x00000000000000be       0x7c C:\Users\hanho\Downloads\SDK_1.0.3_NUCLEO-F401RE\lib_stm\libLibraries.a(ucg_font.o)
 .comment       0x00000000000000be       0x7c C:\Users\hanho\Downloads\SDK_1.0.3_NUCLEO-F401RE\lib_stm\libLibraries.a(ucg_init.o)
 .comment       0x00000000000000be       0x7c C:\Users\hanho\Downloads\SDK_1.0.3_NUCLEO-F401RE\lib_stm\libLibraries.a(ucg_line.o)
 .comment       0x00000000000000be       0x7c C:\Users\hanho\Downloads\SDK_1.0.3_NUCLEO-F401RE\lib_stm\libLibraries.a(ucg_pixel.o)
 .comment       0x00000000000000be       0x7c C:\Users\hanho\Downloads\SDK_1.0.3_NUCLEO-F401RE\lib_stm\libLibraries.a(ucg_pixel_font_data.o)
 .comment       0x00000000000000be       0x7c C:\Users\hanho\Downloads\SDK_1.0.3_NUCLEO-F401RE\lib_stm\libLibraries.a(ucg_rotate.o)
 .comment       0x00000000000000be       0x7c C:\Users\hanho\Downloads\SDK_1.0.3_NUCLEO-F401RE\lib_stm\libLibraries.a(ucg_clip.o)
 .comment       0x00000000000000be       0x7c C:\Users\hanho\Downloads\SDK_1.0.3_NUCLEO-F401RE\lib_stm\libLibraries.a(ucg_com_msg_api.o)

.debug_info     0x0000000000000000    0x34595
 .debug_info    0x0000000000000000      0x5d3 ./SDK_1.0.3_NUCLEO-F401RE/shared/Drivers/CMSIS/Source/system_stm32f4xx.o
 .debug_info    0x00000000000005d3      0xcde ./SDK_1.0.3_NUCLEO-F401RE/shared/Drivers/STM32F401RE_StdPeriph_Driver/src/stm32f401re_rcc.o
 .debug_info    0x00000000000012b1      0x305 ./SDK_1.0.3_NUCLEO-F401RE/shared/Utilities/buff.o
 .debug_info    0x00000000000015b6      0x2b8 ./SDK_1.0.3_NUCLEO-F401RE/shared/Utilities/utilities.o
 .debug_info    0x000000000000186e      0xbf3 ./Src/main.o
 .debug_info    0x0000000000002461       0x23 ./Startup/startup_stm32f401retx.o
 .debug_info    0x0000000000002484      0x62b C:\Users\hanho\Downloads\SDK_1.0.3_NUCLEO-F401RE\lib_stm\libLibraries.a(stm32f401re_gpio.o)
 .debug_info    0x0000000000002aaf      0x922 C:\Users\hanho\Downloads\SDK_1.0.3_NUCLEO-F401RE\lib_stm\libLibraries.a(timer.o)
 .debug_info    0x00000000000033d1     0x333f C:\Users\hanho\Downloads\SDK_1.0.3_NUCLEO-F401RE\lib_stm\libLibraries.a(Ucglib.o)
 .debug_info    0x0000000000006710     0x329d C:\Users\hanho\Downloads\SDK_1.0.3_NUCLEO-F401RE\lib_stm\libLibraries.a(ucg_box.o)
 .debug_info    0x00000000000099ad     0x2b08 C:\Users\hanho\Downloads\SDK_1.0.3_NUCLEO-F401RE\lib_stm\libLibraries.a(ucg_ccs.o)
 .debug_info    0x000000000000c4b5     0x324b C:\Users\hanho\Downloads\SDK_1.0.3_NUCLEO-F401RE\lib_stm\libLibraries.a(ucg_dev_default_cb.o)
 .debug_info    0x000000000000f700     0x3272 C:\Users\hanho\Downloads\SDK_1.0.3_NUCLEO-F401RE\lib_stm\libLibraries.a(ucg_dev_ic_st7735.o)
 .debug_info    0x0000000000012972     0x3178 C:\Users\hanho\Downloads\SDK_1.0.3_NUCLEO-F401RE\lib_stm\libLibraries.a(ucg_dev_msg_api.o)
 .debug_info    0x0000000000015aea     0x303e C:\Users\hanho\Downloads\SDK_1.0.3_NUCLEO-F401RE\lib_stm\libLibraries.a(ucg_dev_tft_128x128_st7735.o)
 .debug_info    0x0000000000018b28     0x43ab C:\Users\hanho\Downloads\SDK_1.0.3_NUCLEO-F401RE\lib_stm\libLibraries.a(ucg_font.o)
 .debug_info    0x000000000001ced3     0x3856 C:\Users\hanho\Downloads\SDK_1.0.3_NUCLEO-F401RE\lib_stm\libLibraries.a(ucg_init.o)
 .debug_info    0x0000000000020729     0x3222 C:\Users\hanho\Downloads\SDK_1.0.3_NUCLEO-F401RE\lib_stm\libLibraries.a(ucg_line.o)
 .debug_info    0x000000000002394b     0x3056 C:\Users\hanho\Downloads\SDK_1.0.3_NUCLEO-F401RE\lib_stm\libLibraries.a(ucg_pixel.o)
 .debug_info    0x00000000000269a1     0x43df C:\Users\hanho\Downloads\SDK_1.0.3_NUCLEO-F401RE\lib_stm\libLibraries.a(ucg_pixel_font_data.o)
 .debug_info    0x000000000002ad80     0x3231 C:\Users\hanho\Downloads\SDK_1.0.3_NUCLEO-F401RE\lib_stm\libLibraries.a(ucg_rotate.o)
 .debug_info    0x000000000002dfb1     0x315a C:\Users\hanho\Downloads\SDK_1.0.3_NUCLEO-F401RE\lib_stm\libLibraries.a(ucg_clip.o)
 .debug_info    0x000000000003110b     0x348a C:\Users\hanho\Downloads\SDK_1.0.3_NUCLEO-F401RE\lib_stm\libLibraries.a(ucg_com_msg_api.o)

.debug_abbrev   0x0000000000000000     0x241a
 .debug_abbrev  0x0000000000000000      0x142 ./SDK_1.0.3_NUCLEO-F401RE/shared/Drivers/CMSIS/Source/system_stm32f4xx.o
 .debug_abbrev  0x0000000000000142      0x20c ./SDK_1.0.3_NUCLEO-F401RE/shared/Drivers/STM32F401RE_StdPeriph_Driver/src/stm32f401re_rcc.o
 .debug_abbrev  0x000000000000034e      0x13c ./SDK_1.0.3_NUCLEO-F401RE/shared/Utilities/buff.o
 .debug_abbrev  0x000000000000048a       0xe3 ./SDK_1.0.3_NUCLEO-F401RE/shared/Utilities/utilities.o
 .debug_abbrev  0x000000000000056d      0x25d ./Src/main.o
 .debug_abbrev  0x00000000000007ca       0x12 ./Startup/startup_stm32f401retx.o
 .debug_abbrev  0x00000000000007dc      0x1bf C:\Users\hanho\Downloads\SDK_1.0.3_NUCLEO-F401RE\lib_stm\libLibraries.a(stm32f401re_gpio.o)
 .debug_abbrev  0x000000000000099b      0x29a C:\Users\hanho\Downloads\SDK_1.0.3_NUCLEO-F401RE\lib_stm\libLibraries.a(timer.o)
 .debug_abbrev  0x0000000000000c35      0x202 C:\Users\hanho\Downloads\SDK_1.0.3_NUCLEO-F401RE\lib_stm\libLibraries.a(Ucglib.o)
 .debug_abbrev  0x0000000000000e37      0x18b C:\Users\hanho\Downloads\SDK_1.0.3_NUCLEO-F401RE\lib_stm\libLibraries.a(ucg_box.o)
 .debug_abbrev  0x0000000000000fc2       0xf5 C:\Users\hanho\Downloads\SDK_1.0.3_NUCLEO-F401RE\lib_stm\libLibraries.a(ucg_ccs.o)
 .debug_abbrev  0x00000000000010b7      0x19e C:\Users\hanho\Downloads\SDK_1.0.3_NUCLEO-F401RE\lib_stm\libLibraries.a(ucg_dev_default_cb.o)
 .debug_abbrev  0x0000000000001255      0x1dc C:\Users\hanho\Downloads\SDK_1.0.3_NUCLEO-F401RE\lib_stm\libLibraries.a(ucg_dev_ic_st7735.o)
 .debug_abbrev  0x0000000000001431      0x191 C:\Users\hanho\Downloads\SDK_1.0.3_NUCLEO-F401RE\lib_stm\libLibraries.a(ucg_dev_msg_api.o)
 .debug_abbrev  0x00000000000015c2      0x14e C:\Users\hanho\Downloads\SDK_1.0.3_NUCLEO-F401RE\lib_stm\libLibraries.a(ucg_dev_tft_128x128_st7735.o)
 .debug_abbrev  0x0000000000001710      0x2fc C:\Users\hanho\Downloads\SDK_1.0.3_NUCLEO-F401RE\lib_stm\libLibraries.a(ucg_font.o)
 .debug_abbrev  0x0000000000001a0c      0x1c6 C:\Users\hanho\Downloads\SDK_1.0.3_NUCLEO-F401RE\lib_stm\libLibraries.a(ucg_init.o)
 .debug_abbrev  0x0000000000001bd2      0x175 C:\Users\hanho\Downloads\SDK_1.0.3_NUCLEO-F401RE\lib_stm\libLibraries.a(ucg_line.o)
 .debug_abbrev  0x0000000000001d47      0x148 C:\Users\hanho\Downloads\SDK_1.0.3_NUCLEO-F401RE\lib_stm\libLibraries.a(ucg_pixel.o)
 .debug_abbrev  0x0000000000001e8f       0x83 C:\Users\hanho\Downloads\SDK_1.0.3_NUCLEO-F401RE\lib_stm\libLibraries.a(ucg_pixel_font_data.o)
 .debug_abbrev  0x0000000000001f12      0x1a3 C:\Users\hanho\Downloads\SDK_1.0.3_NUCLEO-F401RE\lib_stm\libLibraries.a(ucg_rotate.o)
 .debug_abbrev  0x00000000000020b5      0x173 C:\Users\hanho\Downloads\SDK_1.0.3_NUCLEO-F401RE\lib_stm\libLibraries.a(ucg_clip.o)
 .debug_abbrev  0x0000000000002228      0x1f2 C:\Users\hanho\Downloads\SDK_1.0.3_NUCLEO-F401RE\lib_stm\libLibraries.a(ucg_com_msg_api.o)

.debug_aranges  0x0000000000000000      0x910
 .debug_aranges
                0x0000000000000000       0x30 ./SDK_1.0.3_NUCLEO-F401RE/shared/Drivers/CMSIS/Source/system_stm32f4xx.o
 .debug_aranges
                0x0000000000000030      0x198 ./SDK_1.0.3_NUCLEO-F401RE/shared/Drivers/STM32F401RE_StdPeriph_Driver/src/stm32f401re_rcc.o
 .debug_aranges
                0x00000000000001c8       0x50 ./SDK_1.0.3_NUCLEO-F401RE/shared/Utilities/buff.o
 .debug_aranges
                0x0000000000000218       0x48 ./SDK_1.0.3_NUCLEO-F401RE/shared/Utilities/utilities.o
 .debug_aranges
                0x0000000000000260       0x58 ./Src/main.o
 .debug_aranges
                0x00000000000002b8       0x28 ./Startup/startup_stm32f401retx.o
 .debug_aranges
                0x00000000000002e0       0x88 C:\Users\hanho\Downloads\SDK_1.0.3_NUCLEO-F401RE\lib_stm\libLibraries.a(stm32f401re_gpio.o)
 .debug_aranges
                0x0000000000000368       0x70 C:\Users\hanho\Downloads\SDK_1.0.3_NUCLEO-F401RE\lib_stm\libLibraries.a(timer.o)
 .debug_aranges
                0x00000000000003d8       0x48 C:\Users\hanho\Downloads\SDK_1.0.3_NUCLEO-F401RE\lib_stm\libLibraries.a(Ucglib.o)
 .debug_aranges
                0x0000000000000420       0x48 C:\Users\hanho\Downloads\SDK_1.0.3_NUCLEO-F401RE\lib_stm\libLibraries.a(ucg_box.o)
 .debug_aranges
                0x0000000000000468       0x30 C:\Users\hanho\Downloads\SDK_1.0.3_NUCLEO-F401RE\lib_stm\libLibraries.a(ucg_ccs.o)
 .debug_aranges
                0x0000000000000498       0x48 C:\Users\hanho\Downloads\SDK_1.0.3_NUCLEO-F401RE\lib_stm\libLibraries.a(ucg_dev_default_cb.o)
 .debug_aranges
                0x00000000000004e0       0x40 C:\Users\hanho\Downloads\SDK_1.0.3_NUCLEO-F401RE\lib_stm\libLibraries.a(ucg_dev_ic_st7735.o)
 .debug_aranges
                0x0000000000000520       0x60 C:\Users\hanho\Downloads\SDK_1.0.3_NUCLEO-F401RE\lib_stm\libLibraries.a(ucg_dev_msg_api.o)
 .debug_aranges
                0x0000000000000580       0x20 C:\Users\hanho\Downloads\SDK_1.0.3_NUCLEO-F401RE\lib_stm\libLibraries.a(ucg_dev_tft_128x128_st7735.o)
 .debug_aranges
                0x00000000000005a0      0x168 C:\Users\hanho\Downloads\SDK_1.0.3_NUCLEO-F401RE\lib_stm\libLibraries.a(ucg_font.o)
 .debug_aranges
                0x0000000000000708       0x28 C:\Users\hanho\Downloads\SDK_1.0.3_NUCLEO-F401RE\lib_stm\libLibraries.a(ucg_init.o)
 .debug_aranges
                0x0000000000000730       0x48 C:\Users\hanho\Downloads\SDK_1.0.3_NUCLEO-F401RE\lib_stm\libLibraries.a(ucg_line.o)
 .debug_aranges
                0x0000000000000778       0x28 C:\Users\hanho\Downloads\SDK_1.0.3_NUCLEO-F401RE\lib_stm\libLibraries.a(ucg_pixel.o)
 .debug_aranges
                0x00000000000007a0       0x18 C:\Users\hanho\Downloads\SDK_1.0.3_NUCLEO-F401RE\lib_stm\libLibraries.a(ucg_pixel_font_data.o)
 .debug_aranges
                0x00000000000007b8       0x68 C:\Users\hanho\Downloads\SDK_1.0.3_NUCLEO-F401RE\lib_stm\libLibraries.a(ucg_rotate.o)
 .debug_aranges
                0x0000000000000820       0x50 C:\Users\hanho\Downloads\SDK_1.0.3_NUCLEO-F401RE\lib_stm\libLibraries.a(ucg_clip.o)
 .debug_aranges
                0x0000000000000870       0xa0 C:\Users\hanho\Downloads\SDK_1.0.3_NUCLEO-F401RE\lib_stm\libLibraries.a(ucg_com_msg_api.o)

.debug_rnglists
                0x0000000000000000      0x212
 .debug_rnglists
                0x0000000000000000       0x21 ./SDK_1.0.3_NUCLEO-F401RE/shared/Drivers/CMSIS/Source/system_stm32f4xx.o
 .debug_rnglists
                0x0000000000000021      0x12e ./SDK_1.0.3_NUCLEO-F401RE/shared/Drivers/STM32F401RE_StdPeriph_Driver/src/stm32f401re_rcc.o
 .debug_rnglists
                0x000000000000014f       0x39 ./SDK_1.0.3_NUCLEO-F401RE/shared/Utilities/buff.o
 .debug_rnglists
                0x0000000000000188       0x33 ./SDK_1.0.3_NUCLEO-F401RE/shared/Utilities/utilities.o
 .debug_rnglists
                0x00000000000001bb       0x3e ./Src/main.o
 .debug_rnglists
                0x00000000000001f9       0x19 ./Startup/startup_stm32f401retx.o

.debug_macro    0x0000000000000000    0x12b75
 .debug_macro   0x0000000000000000       0xce ./SDK_1.0.3_NUCLEO-F401RE/shared/Drivers/CMSIS/Source/system_stm32f4xx.o
 .debug_macro   0x00000000000000ce      0xab4 ./SDK_1.0.3_NUCLEO-F401RE/shared/Drivers/CMSIS/Source/system_stm32f4xx.o
 .debug_macro   0x0000000000000b82       0x40 ./SDK_1.0.3_NUCLEO-F401RE/shared/Drivers/CMSIS/Source/system_stm32f4xx.o
 .debug_macro   0x0000000000000bc2       0x3b ./SDK_1.0.3_NUCLEO-F401RE/shared/Drivers/CMSIS/Source/system_stm32f4xx.o
 .debug_macro   0x0000000000000bfd       0x22 ./SDK_1.0.3_NUCLEO-F401RE/shared/Drivers/CMSIS/Source/system_stm32f4xx.o
 .debug_macro   0x0000000000000c1f       0x8e ./SDK_1.0.3_NUCLEO-F401RE/shared/Drivers/CMSIS/Source/system_stm32f4xx.o
 .debug_macro   0x0000000000000cad       0x51 ./SDK_1.0.3_NUCLEO-F401RE/shared/Drivers/CMSIS/Source/system_stm32f4xx.o
 .debug_macro   0x0000000000000cfe      0x103 ./SDK_1.0.3_NUCLEO-F401RE/shared/Drivers/CMSIS/Source/system_stm32f4xx.o
 .debug_macro   0x0000000000000e01       0x6a ./SDK_1.0.3_NUCLEO-F401RE/shared/Drivers/CMSIS/Source/system_stm32f4xx.o
 .debug_macro   0x0000000000000e6b      0x1df ./SDK_1.0.3_NUCLEO-F401RE/shared/Drivers/CMSIS/Source/system_stm32f4xx.o
 .debug_macro   0x000000000000104a       0x34 ./SDK_1.0.3_NUCLEO-F401RE/shared/Drivers/CMSIS/Source/system_stm32f4xx.o
 .debug_macro   0x000000000000107e       0x26 ./SDK_1.0.3_NUCLEO-F401RE/shared/Drivers/CMSIS/Source/system_stm32f4xx.o
 .debug_macro   0x00000000000010a4      0xe43 ./SDK_1.0.3_NUCLEO-F401RE/shared/Drivers/CMSIS/Source/system_stm32f4xx.o
 .debug_macro   0x0000000000001ee7     0x466d ./SDK_1.0.3_NUCLEO-F401RE/shared/Drivers/CMSIS/Source/system_stm32f4xx.o
 .debug_macro   0x0000000000006554      0x186 ./SDK_1.0.3_NUCLEO-F401RE/shared/Drivers/STM32F401RE_StdPeriph_Driver/src/stm32f401re_rcc.o
 .debug_macro   0x00000000000066da      0x4f3 ./SDK_1.0.3_NUCLEO-F401RE/shared/Drivers/STM32F401RE_StdPeriph_Driver/src/stm32f401re_rcc.o
 .debug_macro   0x0000000000006bcd       0xc2 ./SDK_1.0.3_NUCLEO-F401RE/shared/Utilities/buff.o
 .debug_macro   0x0000000000006c8f       0x16 ./SDK_1.0.3_NUCLEO-F401RE/shared/Utilities/buff.o
 .debug_macro   0x0000000000006ca5       0x16 ./SDK_1.0.3_NUCLEO-F401RE/shared/Utilities/buff.o
 .debug_macro   0x0000000000006cbb       0x72 ./SDK_1.0.3_NUCLEO-F401RE/shared/Utilities/utilities.o
 .debug_macro   0x0000000000006d2d       0x10 ./SDK_1.0.3_NUCLEO-F401RE/shared/Utilities/utilities.o
 .debug_macro   0x0000000000006d3d      0x13e ./Src/main.o
 .debug_macro   0x0000000000006e7b      0x2ee ./Src/main.o
 .debug_macro   0x0000000000007169      0x4f9 ./Src/main.o
 .debug_macro   0x0000000000007662       0x2d ./Src/main.o
 .debug_macro   0x000000000000768f       0x22 ./Src/main.o
 .debug_macro   0x00000000000076b1      0x174 ./Src/main.o
 .debug_macro   0x0000000000007825      0x301 ./Src/main.o
 .debug_macro   0x0000000000007b26       0xc3 C:\Users\hanho\Downloads\SDK_1.0.3_NUCLEO-F401RE\lib_stm\libLibraries.a(stm32f401re_gpio.o)
 .debug_macro   0x0000000000007be9      0xa66 C:\Users\hanho\Downloads\SDK_1.0.3_NUCLEO-F401RE\lib_stm\libLibraries.a(stm32f401re_gpio.o)
 .debug_macro   0x000000000000864f       0x6b C:\Users\hanho\Downloads\SDK_1.0.3_NUCLEO-F401RE\lib_stm\libLibraries.a(stm32f401re_gpio.o)
 .debug_macro   0x00000000000086ba       0x22 C:\Users\hanho\Downloads\SDK_1.0.3_NUCLEO-F401RE\lib_stm\libLibraries.a(stm32f401re_gpio.o)
 .debug_macro   0x00000000000086dc       0x8e C:\Users\hanho\Downloads\SDK_1.0.3_NUCLEO-F401RE\lib_stm\libLibraries.a(stm32f401re_gpio.o)
 .debug_macro   0x000000000000876a       0xef C:\Users\hanho\Downloads\SDK_1.0.3_NUCLEO-F401RE\lib_stm\libLibraries.a(stm32f401re_gpio.o)
 .debug_macro   0x0000000000008859     0x8018 C:\Users\hanho\Downloads\SDK_1.0.3_NUCLEO-F401RE\lib_stm\libLibraries.a(stm32f401re_gpio.o)
 .debug_macro   0x0000000000010871      0x64a C:\Users\hanho\Downloads\SDK_1.0.3_NUCLEO-F401RE\lib_stm\libLibraries.a(stm32f401re_gpio.o)
 .debug_macro   0x0000000000010ebb       0xe3 C:\Users\hanho\Downloads\SDK_1.0.3_NUCLEO-F401RE\lib_stm\libLibraries.a(timer.o)
 .debug_macro   0x0000000000010f9e       0x1c C:\Users\hanho\Downloads\SDK_1.0.3_NUCLEO-F401RE\lib_stm\libLibraries.a(timer.o)
 .debug_macro   0x0000000000010fba      0x644 C:\Users\hanho\Downloads\SDK_1.0.3_NUCLEO-F401RE\lib_stm\libLibraries.a(timer.o)
 .debug_macro   0x00000000000115fe      0x141 C:\Users\hanho\Downloads\SDK_1.0.3_NUCLEO-F401RE\lib_stm\libLibraries.a(Ucglib.o)
 .debug_macro   0x000000000001173f      0x174 C:\Users\hanho\Downloads\SDK_1.0.3_NUCLEO-F401RE\lib_stm\libLibraries.a(Ucglib.o)
 .debug_macro   0x00000000000118b3      0x2f4 C:\Users\hanho\Downloads\SDK_1.0.3_NUCLEO-F401RE\lib_stm\libLibraries.a(Ucglib.o)
 .debug_macro   0x0000000000011ba7       0x84 C:\Users\hanho\Downloads\SDK_1.0.3_NUCLEO-F401RE\lib_stm\libLibraries.a(ucg_box.o)
 .debug_macro   0x0000000000011c2b       0x84 C:\Users\hanho\Downloads\SDK_1.0.3_NUCLEO-F401RE\lib_stm\libLibraries.a(ucg_ccs.o)
 .debug_macro   0x0000000000011caf       0x84 C:\Users\hanho\Downloads\SDK_1.0.3_NUCLEO-F401RE\lib_stm\libLibraries.a(ucg_dev_default_cb.o)
 .debug_macro   0x0000000000011d33       0x84 C:\Users\hanho\Downloads\SDK_1.0.3_NUCLEO-F401RE\lib_stm\libLibraries.a(ucg_dev_ic_st7735.o)
 .debug_macro   0x0000000000011db7       0x88 C:\Users\hanho\Downloads\SDK_1.0.3_NUCLEO-F401RE\lib_stm\libLibraries.a(ucg_dev_msg_api.o)
 .debug_macro   0x0000000000011e3f       0x84 C:\Users\hanho\Downloads\SDK_1.0.3_NUCLEO-F401RE\lib_stm\libLibraries.a(ucg_dev_tft_128x128_st7735.o)
 .debug_macro   0x0000000000011ec3      0x15a C:\Users\hanho\Downloads\SDK_1.0.3_NUCLEO-F401RE\lib_stm\libLibraries.a(ucg_font.o)
 .debug_macro   0x000000000001201d       0x1c C:\Users\hanho\Downloads\SDK_1.0.3_NUCLEO-F401RE\lib_stm\libLibraries.a(ucg_font.o)
 .debug_macro   0x0000000000012039       0x46 C:\Users\hanho\Downloads\SDK_1.0.3_NUCLEO-F401RE\lib_stm\libLibraries.a(ucg_font.o)
 .debug_macro   0x000000000001207f       0x18 C:\Users\hanho\Downloads\SDK_1.0.3_NUCLEO-F401RE\lib_stm\libLibraries.a(ucg_font.o)
 .debug_macro   0x0000000000012097       0x3c C:\Users\hanho\Downloads\SDK_1.0.3_NUCLEO-F401RE\lib_stm\libLibraries.a(ucg_font.o)
 .debug_macro   0x00000000000120d3       0x52 C:\Users\hanho\Downloads\SDK_1.0.3_NUCLEO-F401RE\lib_stm\libLibraries.a(ucg_font.o)
 .debug_macro   0x0000000000012125       0x1f C:\Users\hanho\Downloads\SDK_1.0.3_NUCLEO-F401RE\lib_stm\libLibraries.a(ucg_font.o)
 .debug_macro   0x0000000000012144       0x43 C:\Users\hanho\Downloads\SDK_1.0.3_NUCLEO-F401RE\lib_stm\libLibraries.a(ucg_font.o)
 .debug_macro   0x0000000000012187       0x20 C:\Users\hanho\Downloads\SDK_1.0.3_NUCLEO-F401RE\lib_stm\libLibraries.a(ucg_font.o)
 .debug_macro   0x00000000000121a7      0x1a3 C:\Users\hanho\Downloads\SDK_1.0.3_NUCLEO-F401RE\lib_stm\libLibraries.a(ucg_font.o)
 .debug_macro   0x000000000001234a      0x330 C:\Users\hanho\Downloads\SDK_1.0.3_NUCLEO-F401RE\lib_stm\libLibraries.a(ucg_font.o)
 .debug_macro   0x000000000001267a       0x10 C:\Users\hanho\Downloads\SDK_1.0.3_NUCLEO-F401RE\lib_stm\libLibraries.a(ucg_font.o)
 .debug_macro   0x000000000001268a       0x35 C:\Users\hanho\Downloads\SDK_1.0.3_NUCLEO-F401RE\lib_stm\libLibraries.a(ucg_font.o)
 .debug_macro   0x00000000000126bf       0x20 C:\Users\hanho\Downloads\SDK_1.0.3_NUCLEO-F401RE\lib_stm\libLibraries.a(ucg_font.o)
 .debug_macro   0x00000000000126df      0x145 C:\Users\hanho\Downloads\SDK_1.0.3_NUCLEO-F401RE\lib_stm\libLibraries.a(ucg_init.o)
 .debug_macro   0x0000000000012824       0x84 C:\Users\hanho\Downloads\SDK_1.0.3_NUCLEO-F401RE\lib_stm\libLibraries.a(ucg_line.o)
 .debug_macro   0x00000000000128a8       0x84 C:\Users\hanho\Downloads\SDK_1.0.3_NUCLEO-F401RE\lib_stm\libLibraries.a(ucg_pixel.o)
 .debug_macro   0x000000000001292c       0x84 C:\Users\hanho\Downloads\SDK_1.0.3_NUCLEO-F401RE\lib_stm\libLibraries.a(ucg_pixel_font_data.o)
 .debug_macro   0x00000000000129b0       0xbd C:\Users\hanho\Downloads\SDK_1.0.3_NUCLEO-F401RE\lib_stm\libLibraries.a(ucg_rotate.o)
 .debug_macro   0x0000000000012a6d       0x84 C:\Users\hanho\Downloads\SDK_1.0.3_NUCLEO-F401RE\lib_stm\libLibraries.a(ucg_clip.o)
 .debug_macro   0x0000000000012af1       0x84 C:\Users\hanho\Downloads\SDK_1.0.3_NUCLEO-F401RE\lib_stm\libLibraries.a(ucg_com_msg_api.o)

.debug_line     0x0000000000000000     0x8278
 .debug_line    0x0000000000000000      0x625 ./SDK_1.0.3_NUCLEO-F401RE/shared/Drivers/CMSIS/Source/system_stm32f4xx.o
 .debug_line    0x0000000000000625      0xd8d ./SDK_1.0.3_NUCLEO-F401RE/shared/Drivers/STM32F401RE_StdPeriph_Driver/src/stm32f401re_rcc.o
 .debug_line    0x00000000000013b2      0x730 ./SDK_1.0.3_NUCLEO-F401RE/shared/Utilities/buff.o
 .debug_line    0x0000000000001ae2      0x5d5 ./SDK_1.0.3_NUCLEO-F401RE/shared/Utilities/utilities.o
 .debug_line    0x00000000000020b7      0x790 ./Src/main.o
 .debug_line    0x0000000000002847       0x7b ./Startup/startup_stm32f401retx.o
 .debug_line    0x00000000000028c2      0x65e C:\Users\hanho\Downloads\SDK_1.0.3_NUCLEO-F401RE\lib_stm\libLibraries.a(stm32f401re_gpio.o)
 .debug_line    0x0000000000002f20      0x684 C:\Users\hanho\Downloads\SDK_1.0.3_NUCLEO-F401RE\lib_stm\libLibraries.a(timer.o)
 .debug_line    0x00000000000035a4      0x5cd C:\Users\hanho\Downloads\SDK_1.0.3_NUCLEO-F401RE\lib_stm\libLibraries.a(Ucglib.o)
 .debug_line    0x0000000000003b71      0x4c6 C:\Users\hanho\Downloads\SDK_1.0.3_NUCLEO-F401RE\lib_stm\libLibraries.a(ucg_box.o)
 .debug_line    0x0000000000004037      0x420 C:\Users\hanho\Downloads\SDK_1.0.3_NUCLEO-F401RE\lib_stm\libLibraries.a(ucg_ccs.o)
 .debug_line    0x0000000000004457      0x521 C:\Users\hanho\Downloads\SDK_1.0.3_NUCLEO-F401RE\lib_stm\libLibraries.a(ucg_dev_default_cb.o)
 .debug_line    0x0000000000004978      0x512 C:\Users\hanho\Downloads\SDK_1.0.3_NUCLEO-F401RE\lib_stm\libLibraries.a(ucg_dev_ic_st7735.o)
 .debug_line    0x0000000000004e8a      0x48a C:\Users\hanho\Downloads\SDK_1.0.3_NUCLEO-F401RE\lib_stm\libLibraries.a(ucg_dev_msg_api.o)
 .debug_line    0x0000000000005314      0x403 C:\Users\hanho\Downloads\SDK_1.0.3_NUCLEO-F401RE\lib_stm\libLibraries.a(ucg_dev_tft_128x128_st7735.o)
 .debug_line    0x0000000000005717      0x971 C:\Users\hanho\Downloads\SDK_1.0.3_NUCLEO-F401RE\lib_stm\libLibraries.a(ucg_font.o)
 .debug_line    0x0000000000006088      0x55c C:\Users\hanho\Downloads\SDK_1.0.3_NUCLEO-F401RE\lib_stm\libLibraries.a(ucg_init.o)
 .debug_line    0x00000000000065e4      0x498 C:\Users\hanho\Downloads\SDK_1.0.3_NUCLEO-F401RE\lib_stm\libLibraries.a(ucg_line.o)
 .debug_line    0x0000000000006a7c      0x400 C:\Users\hanho\Downloads\SDK_1.0.3_NUCLEO-F401RE\lib_stm\libLibraries.a(ucg_pixel.o)
 .debug_line    0x0000000000006e7c      0x3e1 C:\Users\hanho\Downloads\SDK_1.0.3_NUCLEO-F401RE\lib_stm\libLibraries.a(ucg_pixel_font_data.o)
 .debug_line    0x000000000000725d      0x5d4 C:\Users\hanho\Downloads\SDK_1.0.3_NUCLEO-F401RE\lib_stm\libLibraries.a(ucg_rotate.o)
 .debug_line    0x0000000000007831      0x4c1 C:\Users\hanho\Downloads\SDK_1.0.3_NUCLEO-F401RE\lib_stm\libLibraries.a(ucg_clip.o)
 .debug_line    0x0000000000007cf2      0x586 C:\Users\hanho\Downloads\SDK_1.0.3_NUCLEO-F401RE\lib_stm\libLibraries.a(ucg_com_msg_api.o)

.debug_str      0x0000000000000000    0x461de
 .debug_str     0x0000000000000000    0x21673 ./SDK_1.0.3_NUCLEO-F401RE/shared/Drivers/CMSIS/Source/system_stm32f4xx.o
                                      0x217fc (size before relaxing)
 .debug_str     0x0000000000021673     0x2cfb ./SDK_1.0.3_NUCLEO-F401RE/shared/Drivers/STM32F401RE_StdPeriph_Driver/src/stm32f401re_rcc.o
                                      0x243ea (size before relaxing)
 .debug_str     0x000000000002436e      0x197 ./SDK_1.0.3_NUCLEO-F401RE/shared/Utilities/buff.o
                                      0x216f3 (size before relaxing)
 .debug_str     0x0000000000024505       0xe5 ./SDK_1.0.3_NUCLEO-F401RE/shared/Utilities/utilities.o
                                       0x3e42 (size before relaxing)
 .debug_str     0x00000000000245ea     0x3653 ./Src/main.o
                                      0x26e7f (size before relaxing)
 .debug_str     0x0000000000027c3d       0x2f ./Startup/startup_stm32f401retx.o
                                         0x75 (size before relaxing)
 .debug_str     0x0000000000027c6c    0x15f20 C:\Users\hanho\Downloads\SDK_1.0.3_NUCLEO-F401RE\lib_stm\libLibraries.a(stm32f401re_gpio.o)
                                      0x3a690 (size before relaxing)
 .debug_str     0x000000000003db8c      0x598 C:\Users\hanho\Downloads\SDK_1.0.3_NUCLEO-F401RE\lib_stm\libLibraries.a(timer.o)
                                      0x39451 (size before relaxing)
 .debug_str     0x000000000003e124     0x4427 C:\Users\hanho\Downloads\SDK_1.0.3_NUCLEO-F401RE\lib_stm\libLibraries.a(Ucglib.o)
                                      0x4067c (size before relaxing)
 .debug_str     0x000000000004254b       0x76 C:\Users\hanho\Downloads\SDK_1.0.3_NUCLEO-F401RE\lib_stm\libLibraries.a(ucg_box.o)
                                       0x9c13 (size before relaxing)
 .debug_str     0x00000000000425c1       0x48 C:\Users\hanho\Downloads\SDK_1.0.3_NUCLEO-F401RE\lib_stm\libLibraries.a(ucg_ccs.o)
                                       0x97ef (size before relaxing)
 .debug_str     0x0000000000042609       0xaf C:\Users\hanho\Downloads\SDK_1.0.3_NUCLEO-F401RE\lib_stm\libLibraries.a(ucg_dev_default_cb.o)
                                       0x9c41 (size before relaxing)
 .debug_str     0x00000000000426b8      0x135 C:\Users\hanho\Downloads\SDK_1.0.3_NUCLEO-F401RE\lib_stm\libLibraries.a(ucg_dev_ic_st7735.o)
                                       0x9ce5 (size before relaxing)
 .debug_str     0x00000000000427ed       0xce C:\Users\hanho\Downloads\SDK_1.0.3_NUCLEO-F401RE\lib_stm\libLibraries.a(ucg_dev_msg_api.o)
                                       0x9c5b (size before relaxing)
 .debug_str     0x00000000000428bb       0x68 C:\Users\hanho\Downloads\SDK_1.0.3_NUCLEO-F401RE\lib_stm\libLibraries.a(ucg_dev_tft_128x128_st7735.o)
                                       0x9c0a (size before relaxing)
 .debug_str     0x0000000000042923     0x33a1 C:\Users\hanho\Downloads\SDK_1.0.3_NUCLEO-F401RE\lib_stm\libLibraries.a(ucg_font.o)
                                       0xd07e (size before relaxing)
 .debug_str     0x0000000000045cc4       0x35 C:\Users\hanho\Downloads\SDK_1.0.3_NUCLEO-F401RE\lib_stm\libLibraries.a(ucg_init.o)
                                       0xcb75 (size before relaxing)
 .debug_str     0x0000000000045cf9       0x8d C:\Users\hanho\Downloads\SDK_1.0.3_NUCLEO-F401RE\lib_stm\libLibraries.a(ucg_line.o)
                                       0x9c1a (size before relaxing)
 .debug_str     0x0000000000045d86       0x2b C:\Users\hanho\Downloads\SDK_1.0.3_NUCLEO-F401RE\lib_stm\libLibraries.a(ucg_pixel.o)
                                       0x9bc5 (size before relaxing)
 .debug_str     0x0000000000045db1       0x27 C:\Users\hanho\Downloads\SDK_1.0.3_NUCLEO-F401RE\lib_stm\libLibraries.a(ucg_pixel_font_data.o)
                                       0x9785 (size before relaxing)
 .debug_str     0x0000000000045dd8      0x152 C:\Users\hanho\Downloads\SDK_1.0.3_NUCLEO-F401RE\lib_stm\libLibraries.a(ucg_rotate.o)
                                       0x9fb3 (size before relaxing)
 .debug_str     0x0000000000045f2a       0xa5 C:\Users\hanho\Downloads\SDK_1.0.3_NUCLEO-F401RE\lib_stm\libLibraries.a(ucg_clip.o)
                                       0x9c32 (size before relaxing)
 .debug_str     0x0000000000045fcf      0x20f C:\Users\hanho\Downloads\SDK_1.0.3_NUCLEO-F401RE\lib_stm\libLibraries.a(ucg_com_msg_api.o)
                                       0x9ddf (size before relaxing)

.debug_frame    0x0000000000000000     0x223c
 .debug_frame   0x0000000000000000       0x74 ./SDK_1.0.3_NUCLEO-F401RE/shared/Drivers/CMSIS/Source/system_stm32f4xx.o
 .debug_frame   0x0000000000000074      0x774 ./SDK_1.0.3_NUCLEO-F401RE/shared/Drivers/STM32F401RE_StdPeriph_Driver/src/stm32f401re_rcc.o
 .debug_frame   0x00000000000007e8      0x118 ./SDK_1.0.3_NUCLEO-F401RE/shared/Utilities/buff.o
 .debug_frame   0x0000000000000900      0x100 ./SDK_1.0.3_NUCLEO-F401RE/shared/Utilities/utilities.o
 .debug_frame   0x0000000000000a00      0x13c ./Src/main.o
 .debug_frame   0x0000000000000b3c      0x23c C:\Users\hanho\Downloads\SDK_1.0.3_NUCLEO-F401RE\lib_stm\libLibraries.a(stm32f401re_gpio.o)
 .debug_frame   0x0000000000000d78      0x1a8 C:\Users\hanho\Downloads\SDK_1.0.3_NUCLEO-F401RE\lib_stm\libLibraries.a(timer.o)
 .debug_frame   0x0000000000000f20       0xec C:\Users\hanho\Downloads\SDK_1.0.3_NUCLEO-F401RE\lib_stm\libLibraries.a(Ucglib.o)
 .debug_frame   0x000000000000100c       0xf0 C:\Users\hanho\Downloads\SDK_1.0.3_NUCLEO-F401RE\lib_stm\libLibraries.a(ucg_box.o)
 .debug_frame   0x00000000000010fc       0x88 C:\Users\hanho\Downloads\SDK_1.0.3_NUCLEO-F401RE\lib_stm\libLibraries.a(ucg_ccs.o)
 .debug_frame   0x0000000000001184       0xec C:\Users\hanho\Downloads\SDK_1.0.3_NUCLEO-F401RE\lib_stm\libLibraries.a(ucg_dev_default_cb.o)
 .debug_frame   0x0000000000001270       0xd0 C:\Users\hanho\Downloads\SDK_1.0.3_NUCLEO-F401RE\lib_stm\libLibraries.a(ucg_dev_ic_st7735.o)
 .debug_frame   0x0000000000001340      0x154 C:\Users\hanho\Downloads\SDK_1.0.3_NUCLEO-F401RE\lib_stm\libLibraries.a(ucg_dev_msg_api.o)
 .debug_frame   0x0000000000001494       0x34 C:\Users\hanho\Downloads\SDK_1.0.3_NUCLEO-F401RE\lib_stm\libLibraries.a(ucg_dev_tft_128x128_st7735.o)
 .debug_frame   0x00000000000014c8      0x664 C:\Users\hanho\Downloads\SDK_1.0.3_NUCLEO-F401RE\lib_stm\libLibraries.a(ucg_font.o)
 .debug_frame   0x0000000000001b2c       0x5c C:\Users\hanho\Downloads\SDK_1.0.3_NUCLEO-F401RE\lib_stm\libLibraries.a(ucg_init.o)
 .debug_frame   0x0000000000001b88       0xe8 C:\Users\hanho\Downloads\SDK_1.0.3_NUCLEO-F401RE\lib_stm\libLibraries.a(ucg_line.o)
 .debug_frame   0x0000000000001c70       0x5c C:\Users\hanho\Downloads\SDK_1.0.3_NUCLEO-F401RE\lib_stm\libLibraries.a(ucg_pixel.o)
 .debug_frame   0x0000000000001ccc      0x184 C:\Users\hanho\Downloads\SDK_1.0.3_NUCLEO-F401RE\lib_stm\libLibraries.a(ucg_rotate.o)
 .debug_frame   0x0000000000001e50      0x11c C:\Users\hanho\Downloads\SDK_1.0.3_NUCLEO-F401RE\lib_stm\libLibraries.a(ucg_clip.o)
 .debug_frame   0x0000000000001f6c      0x2a4 C:\Users\hanho\Downloads\SDK_1.0.3_NUCLEO-F401RE\lib_stm\libLibraries.a(ucg_com_msg_api.o)
 .debug_frame   0x0000000000002210       0x2c C:/ST/STM32CubeIDE_1.14.1/STM32CubeIDE/plugins/com.st.stm32cube.ide.mcu.externaltools.gnu-tools-for-stm32.11.3.rel1.win32_1.1.100.202309141235/tools/bin/../lib/gcc/arm-none-eabi/11.3.1/../../../../arm-none-eabi/lib/thumb/v7e-m+fp/hard\libc_nano.a(libc_a-init.o)

.debug_line_str
                0x0000000000000000       0x69
 .debug_line_str
                0x0000000000000000       0x69 ./Startup/startup_stm32f401retx.o
                                         0x81 (size before relaxing)

.debug_ranges   0x0000000000000000      0x518
 .debug_ranges  0x0000000000000000       0x78 C:\Users\hanho\Downloads\SDK_1.0.3_NUCLEO-F401RE\lib_stm\libLibraries.a(stm32f401re_gpio.o)
 .debug_ranges  0x0000000000000078       0x60 C:\Users\hanho\Downloads\SDK_1.0.3_NUCLEO-F401RE\lib_stm\libLibraries.a(timer.o)
 .debug_ranges  0x00000000000000d8       0x38 C:\Users\hanho\Downloads\SDK_1.0.3_NUCLEO-F401RE\lib_stm\libLibraries.a(Ucglib.o)
 .debug_ranges  0x0000000000000110       0x38 C:\Users\hanho\Downloads\SDK_1.0.3_NUCLEO-F401RE\lib_stm\libLibraries.a(ucg_box.o)
 .debug_ranges  0x0000000000000148       0x20 C:\Users\hanho\Downloads\SDK_1.0.3_NUCLEO-F401RE\lib_stm\libLibraries.a(ucg_ccs.o)
 .debug_ranges  0x0000000000000168       0x38 C:\Users\hanho\Downloads\SDK_1.0.3_NUCLEO-F401RE\lib_stm\libLibraries.a(ucg_dev_default_cb.o)
 .debug_ranges  0x00000000000001a0       0x30 C:\Users\hanho\Downloads\SDK_1.0.3_NUCLEO-F401RE\lib_stm\libLibraries.a(ucg_dev_ic_st7735.o)
 .debug_ranges  0x00000000000001d0       0x50 C:\Users\hanho\Downloads\SDK_1.0.3_NUCLEO-F401RE\lib_stm\libLibraries.a(ucg_dev_msg_api.o)
 .debug_ranges  0x0000000000000220       0x10 C:\Users\hanho\Downloads\SDK_1.0.3_NUCLEO-F401RE\lib_stm\libLibraries.a(ucg_dev_tft_128x128_st7735.o)
 .debug_ranges  0x0000000000000230      0x158 C:\Users\hanho\Downloads\SDK_1.0.3_NUCLEO-F401RE\lib_stm\libLibraries.a(ucg_font.o)
 .debug_ranges  0x0000000000000388       0x18 C:\Users\hanho\Downloads\SDK_1.0.3_NUCLEO-F401RE\lib_stm\libLibraries.a(ucg_init.o)
 .debug_ranges  0x00000000000003a0       0x38 C:\Users\hanho\Downloads\SDK_1.0.3_NUCLEO-F401RE\lib_stm\libLibraries.a(ucg_line.o)
 .debug_ranges  0x00000000000003d8       0x18 C:\Users\hanho\Downloads\SDK_1.0.3_NUCLEO-F401RE\lib_stm\libLibraries.a(ucg_pixel.o)
 .debug_ranges  0x00000000000003f0       0x58 C:\Users\hanho\Downloads\SDK_1.0.3_NUCLEO-F401RE\lib_stm\libLibraries.a(ucg_rotate.o)
 .debug_ranges  0x0000000000000448       0x40 C:\Users\hanho\Downloads\SDK_1.0.3_NUCLEO-F401RE\lib_stm\libLibraries.a(ucg_clip.o)
 .debug_ranges  0x0000000000000488       0x90 C:\Users\hanho\Downloads\SDK_1.0.3_NUCLEO-F401RE\lib_stm\libLibraries.a(ucg_com_msg_api.o)
